[vk] MoltenVK ICD: /opt/homebrew/etc/vulkan/icd.d/MoltenVK_icd.json
[vk] device: Apple M2 Pro | api 1.2.334 | queues g=0 p=0 | validation=0
[audio] loaded music explore path=/Users/jirnyak/Mirror/timaert/build/assets/sound/15-dungeon-suno.mp3
[audio] loaded music subworld path=/Users/jirnyak/Mirror/timaert/build/assets/sound/subworld.mp3
[audio] procedural sfx melee-swing (melee-swing.wav: file not found)
[audio] procedural sfx melee-hit (melee-hit.wav: file not found)
[audio] procedural sfx melee-blocked (melee-blocked.wav: file not found)
[audio] procedural sfx spell-cast (spell-cast.wav: file not found)
[audio] procedural sfx player-hurt (player-hurt.wav: file not found)
[audio] procedural sfx death (death.wav: file not found)
[imgui] descriptor pool created: 0x130040000 maxSets=256
[sprite] loaded city_256.png (256x256)
[sprite] loaded village_256.png (256x256)
[sprite] loaded spireA_256.png (256x256)
[sprite] loaded spireD_256.png (256x256)
[sprite] loaded peasant_256.png (256x256)
[sprite] loaded corovan_256.png (256x256)
[sprite] loaded witch_256.png (256x256)
[sprite] loaded cultistka_256.png (256x256)
[sprite] loaded imp_golem_256.png (256x256)
[sprite] loaded coins.png (48x48)
[sprite_bank] 5/5 drawn bodies resident (256x256)
[deposits] clay=601083 iron=1406537 stone=1017450918 silver=209284 (cells 458/1757/45197/1111)
[nav] baked R=1567 portals=12420 planes=37 dryUnreached=4328
[pause] advance_sim_steps(1) bought NO tick — mask=04 player=0 panel=0 modal=1 menu=0 sub=0
[pause] advance_sim_steps(1) bought NO tick — mask=04 player=0 panel=0 modal=1 menu=0 sub=0
[pause] advance_sim_steps(1) bought NO tick — mask=04 player=0 panel=0 modal=1 menu=0 sub=0
[pause] advance_sim_steps(1) bought NO tick — mask=04 player=0 panel=0 modal=1 menu=0 sub=0
[pause] advance_sim_steps(1) bought NO tick — mask=04 player=0 panel=0 modal=1 menu=0 sub=0
[pause] advance_sim_steps(1) bought NO tick — mask=04 player=0 panel=0 modal=1 menu=0 sub=0
[pause] advance_sim_steps(1) bought NO tick — mask=04 player=0 panel=0 modal=1 menu=0 sub=0
[pause] advance_sim_steps(1) bought NO tick — mask=04 player=0 panel=0 modal=1 menu=0 sub=0
[pause] advance_sim_steps(1) bought NO tick — mask=04 player=0 panel=0 modal=1 menu=0 sub=0
[pause] advance_sim_steps(1) bought NO tick — mask=04 player=0 panel=0 modal=1 menu=0 sub=0
[pause] advance_sim_steps(1) bought NO tick — mask=04 player=0 panel=0 modal=1 menu=0 sub=0
[pause] advance_sim_steps(1) bought NO tick — mask=04 player=0 panel=0 modal=1 menu=0 sub=0
[pause] advance_sim_steps(1) bought NO tick — mask=04 player=0 panel=0 modal=1 menu=0 sub=0
[pause] advance_sim_steps(1) bought NO tick — mask=04 player=0 panel=0 modal=1 menu=0 sub=0
[pause] advance_sim_steps(1) bought NO tick — mask=04 player=0 panel=0 modal=1 menu=0 sub=0
[pause] advance_sim_steps(1) bought NO tick — mask=04 player=0 panel=0 modal=1 menu=0 sub=0
[pause] advance_sim_steps(1) bought NO tick — mask=04 player=0 panel=0 modal=1 menu=0 sub=0
[pause] advance_sim_steps(1) bought NO tick — mask=04 player=0 panel=0 modal=1 menu=0 sub=0
[pause] advance_sim_steps(1) bought NO tick — mask=04 player=0 panel=0 modal=1 menu=0 sub=0
[pause] advance_sim_steps(1) bought NO tick — mask=04 player=0 panel=0 modal=1 menu=0 sub=0
[pause] advance_sim_steps(1) bought NO tick — mask=04 player=0 panel=0 modal=1 menu=0 sub=0
[pause] advance_sim_steps(1) bought NO tick — mask=04 player=0 panel=0 modal=1 menu=0 sub=0
[pause] advance_sim_steps(1) bought NO tick — mask=04 player=0 panel=0 modal=1 menu=0 sub=0
[pause] advance_sim_steps(1) bought NO tick — mask=04 player=0 panel=0 modal=1 menu=0 sub=0
[pause] advance_sim_steps(1) bought NO tick — mask=04 player=0 panel=0 modal=1 menu=0 sub=0
[pause] advance_sim_steps(1) bought NO tick — mask=04 player=0 panel=0 modal=1 menu=0 sub=0
[pause] advance_sim_steps(1) bought NO tick — mask=04 player=0 panel=0 modal=1 menu=0 sub=0
[pause] advance_sim_steps(1) bought NO tick — mask=04 player=0 panel=0 modal=1 menu=0 sub=0
[pause] advance_sim_steps(1) bought NO tick — mask=04 player=0 panel=0 modal=1 menu=0 sub=0
[pause] advance_sim_steps(1) bought NO tick — mask=04 player=0 panel=0 modal=1 menu=0 sub=0
[pause] advance_sim_steps(1) bought NO tick — mask=04 player=0 panel=0 modal=1 menu=0 sub=0
[pause] advance_sim_steps(1) bought NO tick — mask=04 player=0 panel=0 modal=1 menu=0 sub=0
[pause] advance_sim_steps(1) bought NO tick — mask=04 player=0 panel=0 modal=1 menu=0 sub=0
[pause] advance_sim_steps(1) bought NO tick — mask=04 player=0 panel=0 modal=1 menu=0 sub=0
[pause] advance_sim_steps(1) bought NO tick — mask=04 player=0 panel=0 modal=1 menu=0 sub=0
[pause] advance_sim_steps(1) bought NO tick — mask=04 player=0 panel=0 modal=1 menu=0 sub=0
[pause] advance_sim_steps(1) bought NO tick — mask=04 player=0 panel=0 modal=1 menu=0 sub=0
[pause] advance_sim_steps(1) bought NO tick — mask=04 player=0 panel=0 modal=1 menu=0 sub=0
[pause] advance_sim_steps(1) bought NO tick — mask=04 player=0 panel=0 modal=1 menu=0 sub=0
[pause] advance_sim_steps(1) bought NO tick — mask=04 player=0 panel=0 modal=1 menu=0 sub=0
[pause] advance_sim_steps(1) bought NO tick — mask=04 player=0 panel=0 modal=1 menu=0 sub=0
[pause] advance_sim_steps(1) bought NO tick — mask=04 player=0 panel=0 modal=1 menu=0 sub=0
[pause] advance_sim_steps(1) bought NO tick — mask=04 player=0 panel=0 modal=1 menu=0 sub=0
[pause] advance_sim_steps(1) bought NO tick — mask=04 player=0 panel=0 modal=1 menu=0 sub=0
[pause] advance_sim_steps(1) bought NO tick — mask=04 player=0 panel=0 modal=1 menu=0 sub=0
[pause] advance_sim_steps(1) bought NO tick — mask=04 player=0 panel=0 modal=1 menu=0 sub=0
[pause] advance_sim_steps(1) bought NO tick — mask=04 player=0 panel=0 modal=1 menu=0 sub=0
[pause] advance_sim_steps(1) bought NO tick — mask=04 player=0 panel=0 modal=1 menu=0 sub=0
[pause] advance_sim_steps(1) bought NO tick — mask=04 player=0 panel=0 modal=1 menu=0 sub=0
[pause] advance_sim_steps(1) bought NO tick — mask=04 player=0 panel=0 modal=1 menu=0 sub=0
[pause] advance_sim_steps(1) bought NO tick — mask=04 player=0 panel=0 modal=1 menu=0 sub=0
[pause] advance_sim_steps(1) bought NO tick — mask=04 player=0 panel=0 modal=1 menu=0 sub=0
[pause] advance_sim_steps(1) bought NO tick — mask=04 player=0 panel=0 modal=1 menu=0 sub=0
[pause] advance_sim_steps(1) bought NO tick — mask=04 player=0 panel=0 modal=1 menu=0 sub=0
[pause] advance_sim_steps(1) bought NO tick — mask=04 player=0 panel=0 modal=1 menu=0 sub=0
[pause] advance_sim_steps(1) bought NO tick — mask=02 player=0 panel=1 modal=0 menu=0 sub=1
[pause] advance_sim_steps(1) bought NO tick — mask=02 player=0 panel=1 modal=0 menu=0 sub=1
[pause] advance_sim_steps(1) bought NO tick — mask=02 player=0 panel=1 modal=0 menu=0 sub=1
[pause] advance_sim_steps(1) bought NO tick — mask=02 player=0 panel=1 modal=0 menu=0 sub=1
[pause] advance_sim_steps(1) bought NO tick — mask=02 player=0 panel=1 modal=0 menu=0 sub=1
[pause] advance_sim_steps(1) bought NO tick — mask=02 player=0 panel=1 modal=0 menu=0 sub=1
[pause] advance_sim_steps(1) bought NO tick — mask=02 player=0 panel=1 modal=0 menu=0 sub=1
[pause] advance_sim_steps(1) bought NO tick — mask=02 player=0 panel=1 modal=0 menu=0 sub=1
[pause] advance_sim_steps(1) bought NO tick — mask=02 player=0 panel=1 modal=0 menu=0 sub=1
[pause] advance_sim_steps(1) bought NO tick — mask=02 player=0 panel=1 modal=0 menu=0 sub=1
[pause] advance_sim_steps(1) bought NO tick — mask=02 player=0 panel=1 modal=0 menu=0 sub=1
[pause] advance_sim_steps(1) bought NO tick — mask=02 player=0 panel=1 modal=0 menu=0 sub=1
[pause] advance_sim_steps(1) bought NO tick — mask=02 player=0 panel=1 modal=0 menu=0 sub=1
[pause] advance_sim_steps(1) bought NO tick — mask=02 player=0 panel=1 modal=0 menu=0 sub=1
[pause] advance_sim_steps(1) bought NO tick — mask=02 player=0 panel=1 modal=0 menu=0 sub=1
[pause] advance_sim_steps(1) bought NO tick — mask=02 player=0 panel=1 modal=0 menu=0 sub=1
[pause] advance_sim_steps(1) bought NO tick — mask=02 player=0 panel=1 modal=0 menu=0 sub=1
[pause] advance_sim_steps(1) bought NO tick — mask=02 player=0 panel=1 modal=0 menu=0 sub=1
[pause] advance_sim_steps(1) bought NO tick — mask=02 player=0 panel=1 modal=0 menu=0 sub=1
[pause] advance_sim_steps(1) bought NO tick — mask=02 player=0 panel=1 modal=0 menu=0 sub=1
[pause] advance_sim_steps(1) bought NO tick — mask=02 player=0 panel=1 modal=0 menu=0 sub=1
[pause] advance_sim_steps(1) bought NO tick — mask=02 player=0 panel=1 modal=0 menu=0 sub=1
[pause] advance_sim_steps(1) bought NO tick — mask=02 player=0 panel=1 modal=0 menu=0 sub=1
[pause] advance_sim_steps(1) bought NO tick — mask=02 player=0 panel=1 modal=0 menu=0 sub=1
[pause] advance_sim_steps(1) bought NO tick — mask=02 player=0 panel=1 modal=0 menu=0 sub=1
[pause] advance_sim_steps(1) bought NO tick — mask=02 player=0 panel=1 modal=0 menu=0 sub=1
[pause] advance_sim_steps(1) bought NO tick — mask=02 player=0 panel=1 modal=0 menu=0 sub=1
[pause] advance_sim_steps(1) bought NO tick — mask=02 player=0 panel=1 modal=0 menu=0 sub=1
[pause] advance_sim_steps(1) bought NO tick — mask=02 player=0 panel=1 modal=0 menu=0 sub=1
[pause] advance_sim_steps(1) bought NO tick — mask=02 player=0 panel=1 modal=0 menu=0 sub=1
[pause] advance_sim_steps(1) bought NO tick — mask=02 player=0 panel=1 modal=0 menu=0 sub=1
[pause] advance_sim_steps(1) bought NO tick — mask=02 player=0 panel=1 modal=0 menu=0 sub=1
[pause] advance_sim_steps(1) bought NO tick — mask=02 player=0 panel=1 modal=0 menu=0 sub=1
[pause] advance_sim_steps(1) bought NO tick — mask=02 player=0 panel=1 modal=0 menu=0 sub=1
[pause] advance_sim_steps(1) bought NO tick — mask=02 player=0 panel=1 modal=0 menu=0 sub=1
[pause] advance_sim_steps(1) bought NO tick — mask=02 player=0 panel=1 modal=0 menu=0 sub=1
[pause] advance_sim_steps(1) bought NO tick — mask=02 player=0 panel=1 modal=0 menu=0 sub=1
[pause] advance_sim_steps(1) bought NO tick — mask=02 player=0 panel=1 modal=0 menu=0 sub=1
[pause] advance_sim_steps(1) bought NO tick — mask=02 player=0 panel=1 modal=0 menu=0 sub=1
[pause] advance_sim_steps(1) bought NO tick — mask=02 player=0 panel=1 modal=0 menu=0 sub=1
[pause] advance_sim_steps(1) bought NO tick — mask=02 player=0 panel=1 modal=0 menu=0 sub=1
[pause] advance_sim_steps(1) bought NO tick — mask=02 player=0 panel=1 modal=0 menu=0 sub=1
[pause] advance_sim_steps(1) bought NO tick — mask=02 player=0 panel=1 modal=0 menu=0 sub=1
[pause] advance_sim_steps(1) bought NO tick — mask=02 player=0 panel=1 modal=0 menu=0 sub=1
[pause] advance_sim_steps(1) bought NO tick — mask=02 player=0 panel=1 modal=0 menu=0 sub=1
[pause] advance_sim_steps(1) bought NO tick — mask=02 player=0 panel=1 modal=0 menu=0 sub=1
[pause] advance_sim_steps(1) bought NO tick — mask=02 player=0 panel=1 modal=0 menu=0 sub=1
[pause] advance_sim_steps(1) bought NO tick — mask=02 player=0 panel=1 modal=0 menu=0 sub=1
[pause] advance_sim_steps(1) bought NO tick — mask=02 player=0 panel=1 modal=0 menu=0 sub=1
[pause] advance_sim_steps(1) bought NO tick — mask=02 player=0 panel=1 modal=0 menu=0 sub=1
[pause] advance_sim_steps(1) bought NO tick — mask=02 player=0 panel=1 modal=0 menu=0 sub=1
[pause] advance_sim_steps(1) bought NO tick — mask=02 player=0 panel=1 modal=0 menu=0 sub=1
[pause] advance_sim_steps(1) bought NO tick — mask=02 player=0 panel=1 modal=0 menu=0 sub=1
[pause] advance_sim_steps(1) bought NO tick — mask=02 player=0 panel=1 modal=0 menu=0 sub=1
[pause] advance_sim_steps(1) bought NO tick — mask=02 player=0 panel=1 modal=0 menu=0 sub=1
[pause] advance_sim_steps(1) bought NO tick — mask=02 player=0 panel=1 modal=0 menu=0 sub=1
[pause] advance_sim_steps(1) bought NO tick — mask=02 player=0 panel=1 modal=0 menu=0 sub=1
[pause] advance_sim_steps(1) bought NO tick — mask=02 player=0 panel=1 modal=0 menu=0 sub=1
[pause] advance_sim_steps(1) bought NO tick — mask=02 player=0 panel=1 modal=0 menu=0 sub=1
[pause] advance_sim_steps(1) bought NO tick — mask=02 player=0 panel=1 modal=0 menu=0 sub=1
[pause] advance_sim_steps(1) bought NO tick — mask=02 player=0 panel=1 modal=0 menu=0 sub=1
[pause] advance_sim_steps(1) bought NO tick — mask=02 player=0 panel=1 modal=0 menu=0 sub=1
[pause] advance_sim_steps(1) bought NO tick — mask=02 player=0 panel=1 modal=0 menu=0 sub=1
[pause] advance_sim_steps(1) bought NO tick — mask=02 player=0 panel=1 modal=0 menu=0 sub=1
[pause] advance_sim_steps(1) bought NO tick — mask=02 player=0 panel=1 modal=0 menu=0 sub=1
[pause] advance_sim_steps(1) bought NO tick — mask=02 player=0 panel=1 modal=0 menu=0 sub=1
[pause] advance_sim_steps(1) bought NO tick — mask=02 player=0 panel=1 modal=0 menu=0 sub=1
[pause] advance_sim_steps(1) bought NO tick — mask=02 player=0 panel=1 modal=0 menu=0 sub=1
[pause] advance_sim_steps(1) bought NO tick — mask=02 player=0 panel=1 modal=0 menu=0 sub=1
[pause] advance_sim_steps(1) bought NO tick — mask=02 player=0 panel=1 modal=0 menu=0 sub=1
[pause] advance_sim_steps(1) bought NO tick — mask=02 player=0 panel=1 modal=0 menu=0 sub=1
[pause] advance_sim_steps(1) bought NO tick — mask=02 player=0 panel=1 modal=0 menu=0 sub=1
[pause] advance_sim_steps(1) bought NO tick — mask=02 player=0 panel=1 modal=0 menu=0 sub=1
[pause] advance_sim_steps(1) bought NO tick — mask=02 player=0 panel=1 modal=0 menu=0 sub=1
[pause] advance_sim_steps(1) bought NO tick — mask=02 player=0 panel=1 modal=0 menu=0 sub=1
[pause] advance_sim_steps(1) bought NO tick — mask=02 player=0 panel=1 modal=0 menu=0 sub=1
[pause] advance_sim_steps(1) bought NO tick — mask=02 player=0 panel=1 modal=0 menu=0 sub=1
[pause] advance_sim_steps(1) bought NO tick — mask=02 player=0 panel=1 modal=0 menu=0 sub=1
[pause] advance_sim_steps(1) bought NO tick — mask=02 player=0 panel=1 modal=0 menu=0 sub=1
[pause] advance_sim_steps(1) bought NO tick — mask=02 player=0 panel=1 modal=0 menu=0 sub=1
[pause] advance_sim_steps(1) bought NO tick — mask=02 player=0 panel=1 modal=0 menu=0 sub=1
[pause] advance_sim_steps(1) bought NO tick — mask=02 player=0 panel=1 modal=0 menu=0 sub=1
[pause] advance_sim_steps(1) bought NO tick — mask=02 player=0 panel=1 modal=0 menu=0 sub=1
[pause] advance_sim_steps(1) bought NO tick — mask=02 player=0 panel=1 modal=0 menu=0 sub=1
[pause] advance_sim_steps(1) bought NO tick — mask=02 player=0 panel=1 modal=0 menu=0 sub=1
[pause] advance_sim_steps(1) bought NO tick — mask=02 player=0 panel=1 modal=0 menu=0 sub=1
[pause] advance_sim_steps(1) bought NO tick — mask=02 player=0 panel=1 modal=0 menu=0 sub=1
[pause] advance_sim_steps(1) bought NO tick — mask=02 player=0 panel=1 modal=0 menu=0 sub=1
[pause] advance_sim_steps(1) bought NO tick — mask=02 player=0 panel=1 modal=0 menu=0 sub=1
[pause] advance_sim_steps(1) bought NO tick — mask=02 player=0 panel=1 modal=0 menu=0 sub=1
[pause] advance_sim_steps(1) bought NO tick — mask=02 player=0 panel=1 modal=0 menu=0 sub=1
[pause] advance_sim_steps(1) bought NO tick — mask=02 player=0 panel=1 modal=0 menu=0 sub=1
[pause] advance_sim_steps(1) bought NO tick — mask=02 player=0 panel=1 modal=0 menu=0 sub=1
[pause] advance_sim_steps(1) bought NO tick — mask=02 player=0 panel=1 modal=0 menu=0 sub=1
[pause] advance_sim_steps(1) bought NO tick — mask=02 player=0 panel=1 modal=0 menu=0 sub=1
[pause] advance_sim_steps(1) bought NO tick — mask=02 player=0 panel=1 modal=0 menu=0 sub=1
[pause] advance_sim_steps(1) bought NO tick — mask=02 player=0 panel=1 modal=0 menu=0 sub=1
[pause] advance_sim_steps(1) bought NO tick — mask=02 player=0 panel=1 modal=0 menu=0 sub=1
[pause] advance_sim_steps(1) bought NO tick — mask=02 player=0 panel=1 modal=0 menu=0 sub=1
[pause] advance_sim_steps(1) bought NO tick — mask=02 player=0 panel=1 modal=0 menu=0 sub=1
[pause] advance_sim_steps(1) bought NO tick — mask=02 player=0 panel=1 modal=0 menu=0 sub=1
[pause] advance_sim_steps(1) bought NO tick — mask=02 player=0 panel=1 modal=0 menu=0 sub=1
[pause] advance_sim_steps(1) bought NO tick — mask=02 player=0 panel=1 modal=0 menu=0 sub=1
[pause] advance_sim_steps(1) bought NO tick — mask=02 player=0 panel=1 modal=0 menu=0 sub=1
[pause] advance_sim_steps(1) bought NO tick — mask=02 player=0 panel=1 modal=0 menu=0 sub=1
[pause] advance_sim_steps(1) bought NO tick — mask=02 player=0 panel=1 modal=0 menu=0 sub=1
[pause] advance_sim_steps(1) bought NO tick — mask=02 player=0 panel=1 modal=0 menu=0 sub=1
[pause] advance_sim_steps(1) bought NO tick — mask=02 player=0 panel=1 modal=0 menu=0 sub=1
[pause] advance_sim_steps(1) bought NO tick — mask=02 player=0 panel=1 modal=0 menu=0 sub=1
[pause] advance_sim_steps(1) bought NO tick — mask=02 player=0 panel=1 modal=0 menu=0 sub=1
[pause] advance_sim_steps(1) bought NO tick — mask=02 player=0 panel=1 modal=0 menu=0 sub=1
[pause] advance_sim_steps(1) bought NO tick — mask=02 player=0 panel=1 modal=0 menu=0 sub=1
[pause] advance_sim_steps(1) bought NO tick — mask=02 player=0 panel=1 modal=0 menu=0 sub=1
[pause] advance_sim_steps(1) bought NO tick — mask=02 player=0 panel=1 modal=0 menu=0 sub=1
[pause] advance_sim_steps(1) bought NO tick — mask=02 player=0 panel=1 modal=0 menu=0 sub=1
[pause] advance_sim_steps(1) bought NO tick — mask=02 player=0 panel=1 modal=0 menu=0 sub=1
[pause] advance_sim_steps(1) bought NO tick — mask=02 player=0 panel=1 modal=0 menu=0 sub=1
[pause] advance_sim_steps(1) bought NO tick — mask=02 player=0 panel=1 modal=0 menu=0 sub=1
[pause] advance_sim_steps(1) bought NO tick — mask=02 player=0 panel=1 modal=0 menu=0 sub=1
[pause] advance_sim_steps(1) bought NO tick — mask=02 player=0 panel=1 modal=0 menu=0 sub=1
[pause] advance_sim_steps(1) bought NO tick — mask=02 player=0 panel=1 modal=0 menu=0 sub=1
[pause] advance_sim_steps(1) bought NO tick — mask=02 player=0 panel=1 modal=0 menu=0 sub=1
[pause] advance_sim_steps(1) bought NO tick — mask=02 player=0 panel=1 modal=0 menu=0 sub=1
[pause] advance_sim_steps(1) bought NO tick — mask=02 player=0 panel=1 modal=0 menu=0 sub=1
[pause] advance_sim_steps(1) bought NO tick — mask=02 player=0 panel=1 modal=0 menu=0 sub=1
[pause] advance_sim_steps(1) bought NO tick — mask=02 player=0 panel=1 modal=0 menu=0 sub=1
[pause] advance_sim_steps(1) bought NO tick — mask=02 player=0 panel=1 modal=0 menu=0 sub=1
[pause] advance_sim_steps(1) bought NO tick — mask=02 player=0 panel=1 modal=0 menu=0 sub=1
[pause] advance_sim_steps(1) bought NO tick — mask=02 player=0 panel=1 modal=0 menu=0 sub=1
[pause] advance_sim_steps(1) bought NO tick — mask=02 player=0 panel=1 modal=0 menu=0 sub=1
[pause] advance_sim_steps(1) bought NO tick — mask=02 player=0 panel=1 modal=0 menu=0 sub=1
[pause] advance_sim_steps(1) bought NO tick — mask=02 player=0 panel=1 modal=0 menu=0 sub=1
[pause] advance_sim_steps(1) bought NO tick — mask=02 player=0 panel=1 modal=0 menu=0 sub=1
[pause] advance_sim_steps(1) bought NO tick — mask=02 player=0 panel=1 modal=0 menu=0 sub=1
[pause] advance_sim_steps(1) bought NO tick — mask=02 player=0 panel=1 modal=0 menu=0 sub=1
[pause] advance_sim_steps(1) bought NO tick — mask=02 player=0 panel=1 modal=0 menu=0 sub=1
[pause] advance_sim_steps(1) bought NO tick — mask=02 player=0 panel=1 modal=0 menu=0 sub=1
[pause] advance_sim_steps(1) bought NO tick — mask=02 player=0 panel=1 modal=0 menu=0 sub=1
[pause] advance_sim_steps(1) bought NO tick — mask=02 player=0 panel=1 modal=0 menu=0 sub=1
[pause] advance_sim_steps(1) bought NO tick — mask=02 player=0 panel=1 modal=0 menu=0 sub=1
[pause] advance_sim_steps(1) bought NO tick — mask=02 player=0 panel=1 modal=0 menu=0 sub=1
[pause] advance_sim_steps(1) bought NO tick — mask=02 player=0 panel=1 modal=0 menu=0 sub=1
[pause] advance_sim_steps(1) bought NO tick — mask=02 player=0 panel=1 modal=0 menu=0 sub=1
[pause] advance_sim_steps(1) bought NO tick — mask=02 player=0 panel=1 modal=0 menu=0 sub=1
[pause] advance_sim_steps(1) bought NO tick — mask=02 player=0 panel=1 modal=0 menu=0 sub=1
[pause] advance_sim_steps(1) bought NO tick — mask=02 player=0 panel=1 modal=0 menu=0 sub=1
[pause] advance_sim_steps(1) bought NO tick — mask=02 player=0 panel=1 modal=0 menu=0 sub=1
[pause] advance_sim_steps(1) bought NO tick — mask=02 player=0 panel=1 modal=0 menu=0 sub=1
[pause] advance_sim_steps(1) bought NO tick — mask=02 player=0 panel=1 modal=0 menu=0 sub=1
[pause] advance_sim_steps(1) bought NO tick — mask=02 player=0 panel=1 modal=0 menu=0 sub=1
[pause] advance_sim_steps(1) bought NO tick — mask=02 player=0 panel=1 modal=0 menu=0 sub=1
[pause] advance_sim_steps(1) bought NO tick — mask=02 player=0 panel=1 modal=0 menu=0 sub=1
[pause] advance_sim_steps(1) bought NO tick — mask=02 player=0 panel=1 modal=0 menu=0 sub=1
[pause] advance_sim_steps(1) bought NO tick — mask=02 player=0 panel=1 modal=0 menu=0 sub=1
[pause] advance_sim_steps(1) bought NO tick — mask=02 player=0 panel=1 modal=0 menu=0 sub=1
[pause] advance_sim_steps(1) bought NO tick — mask=02 player=0 panel=1 modal=0 menu=0 sub=1
[pause] advance_sim_steps(1) bought NO tick — mask=02 player=0 panel=1 modal=0 menu=0 sub=1
[pause] advance_sim_steps(1) bought NO tick — mask=02 player=0 panel=1 modal=0 menu=0 sub=1
[pause] advance_sim_steps(1) bought NO tick — mask=02 player=0 panel=1 modal=0 menu=0 sub=1
[pause] advance_sim_steps(1) bought NO tick — mask=02 player=0 panel=1 modal=0 menu=0 sub=1
[pause] advance_sim_steps(1) bought NO tick — mask=02 player=0 panel=1 modal=0 menu=0 sub=1
[pause] advance_sim_steps(1) bought NO tick — mask=02 player=0 panel=1 modal=0 menu=0 sub=1
[pause] advance_sim_steps(1) bought NO tick — mask=02 player=0 panel=1 modal=0 menu=0 sub=1
[pause] advance_sim_steps(1) bought NO tick — mask=02 player=0 panel=1 modal=0 menu=0 sub=1
[pause] advance_sim_steps(1) bought NO tick — mask=02 player=0 panel=1 modal=0 menu=0 sub=1
[pause] advance_sim_steps(1) bought NO tick — mask=02 player=0 panel=1 modal=0 menu=0 sub=1
[pause] advance_sim_steps(1) bought NO tick — mask=02 player=0 panel=1 modal=0 menu=0 sub=1
[pause] advance_sim_steps(1) bought NO tick — mask=02 player=0 panel=1 modal=0 menu=0 sub=1
[pause] advance_sim_steps(1) bought NO tick — mask=02 player=0 panel=1 modal=0 menu=0 sub=1
[pause] advance_sim_steps(1) bought NO tick — mask=02 player=0 panel=1 modal=0 menu=0 sub=1
[pause] advance_sim_steps(1) bought NO tick — mask=02 player=0 panel=1 modal=0 menu=0 sub=1
[pause] advance_sim_steps(1) bought NO tick — mask=02 player=0 panel=1 modal=0 menu=0 sub=1
[pause] advance_sim_steps(1) bought NO tick — mask=02 player=0 panel=1 modal=0 menu=0 sub=1
[pause] advance_sim_steps(1) bought NO tick — mask=02 player=0 panel=1 modal=0 menu=0 sub=1
[pause] advance_sim_steps(1) bought NO tick — mask=02 player=0 panel=1 modal=0 menu=0 sub=1
[pause] advance_sim_steps(1) bought NO tick — mask=02 player=0 panel=1 modal=0 menu=0 sub=1
[pause] advance_sim_steps(1) bought NO tick — mask=02 player=0 panel=1 modal=0 menu=0 sub=1
[pause] advance_sim_steps(1) bought NO tick — mask=02 player=0 panel=1 modal=0 menu=0 sub=1
[pause] advance_sim_steps(1) bought NO tick — mask=02 player=0 panel=1 modal=0 menu=0 sub=1
[pause] advance_sim_steps(1) bought NO tick — mask=02 player=0 panel=1 modal=0 menu=0 sub=1
[pause] advance_sim_steps(1) bought NO tick — mask=02 player=0 panel=1 modal=0 menu=0 sub=1
[pause] advance_sim_steps(1) bought NO tick — mask=02 player=0 panel=1 modal=0 menu=0 sub=1
[pause] advance_sim_steps(1) bought NO tick — mask=02 player=0 panel=1 modal=0 menu=0 sub=1
[pause] advance_sim_steps(1) bought NO tick — mask=02 player=0 panel=1 modal=0 menu=0 sub=1
[pause] advance_sim_steps(1) bought NO tick — mask=02 player=0 panel=1 modal=0 menu=0 sub=1
[pause] advance_sim_steps(1) bought NO tick — mask=02 player=0 panel=1 modal=0 menu=0 sub=1
[pause] advance_sim_steps(1) bought NO tick — mask=02 player=0 panel=1 modal=0 menu=0 sub=1
[pause] advance_sim_steps(1) bought NO tick — mask=02 player=0 panel=1 modal=0 menu=0 sub=1
[pause] advance_sim_steps(1) bought NO tick — mask=02 player=0 panel=1 modal=0 menu=0 sub=1
[pause] advance_sim_steps(1) bought NO tick — mask=02 player=0 panel=1 modal=0 menu=0 sub=1
[pause] advance_sim_steps(1) bought NO tick — mask=02 player=0 panel=1 modal=0 menu=0 sub=1
[pause] advance_sim_steps(1) bought NO tick — mask=02 player=0 panel=1 modal=0 menu=0 sub=1
[pause] advance_sim_steps(1) bought NO tick — mask=02 player=0 panel=1 modal=0 menu=0 sub=1
[pause] advance_sim_steps(1) bought NO tick — mask=02 player=0 panel=1 modal=0 menu=0 sub=1
[pause] advance_sim_steps(1) bought NO tick — mask=02 player=0 panel=1 modal=0 menu=0 sub=1
[pause] advance_sim_steps(1) bought NO tick — mask=02 player=0 panel=1 modal=0 menu=0 sub=1
[pause] advance_sim_steps(1) bought NO tick — mask=02 player=0 panel=1 modal=0 menu=0 sub=1
[pause] advance_sim_steps(1) bought NO tick — mask=02 player=0 panel=1 modal=0 menu=0 sub=1
[pause] advance_sim_steps(1) bought NO tick — mask=02 player=0 panel=1 modal=0 menu=0 sub=1
[pause] advance_sim_steps(1) bought NO tick — mask=02 player=0 panel=1 modal=0 menu=0 sub=1
[pause] advance_sim_steps(1) bought NO tick — mask=02 player=0 panel=1 modal=0 menu=0 sub=1
[pause] advance_sim_steps(1) bought NO tick — mask=02 player=0 panel=1 modal=0 menu=0 sub=1
[pause] advance_sim_steps(1) bought NO tick — mask=02 player=0 panel=1 modal=0 menu=0 sub=1
[pause] advance_sim_steps(1) bought NO tick — mask=02 player=0 panel=1 modal=0 menu=0 sub=1
[pause] advance_sim_steps(1) bought NO tick — mask=02 player=0 panel=1 modal=0 menu=0 sub=1
[pause] advance_sim_steps(1) bought NO tick — mask=02 player=0 panel=1 modal=0 menu=0 sub=1
[pause] advance_sim_steps(1) bought NO tick — mask=02 player=0 panel=1 modal=0 menu=0 sub=1
[pause] advance_sim_steps(1) bought NO tick — mask=02 player=0 panel=1 modal=0 menu=0 sub=1
[pause] advance_sim_steps(1) bought NO tick — mask=02 player=0 panel=1 modal=0 menu=0 sub=1
[pause] advance_sim_steps(1) bought NO tick — mask=02 player=0 panel=1 modal=0 menu=0 sub=1
[pause] advance_sim_steps(1) bought NO tick — mask=02 player=0 panel=1 modal=0 menu=0 sub=1
[pause] advance_sim_steps(1) bought NO tick — mask=02 player=0 panel=1 modal=0 menu=0 sub=1
[pause] advance_sim_steps(1) bought NO tick — mask=02 player=0 panel=1 modal=0 menu=0 sub=1
[pause] advance_sim_steps(1) bought NO tick — mask=02 player=0 panel=1 modal=0 menu=0 sub=1
[pause] advance_sim_steps(1) bought NO tick — mask=02 player=0 panel=1 modal=0 menu=0 sub=1
[pause] advance_sim_steps(1) bought NO tick — mask=02 player=0 panel=1 modal=0 menu=0 sub=1
[pause] advance_sim_steps(1) bought NO tick — mask=02 player=0 panel=1 modal=0 menu=0 sub=1
[pause] advance_sim_steps(1) bought NO tick — mask=02 player=0 panel=1 modal=0 menu=0 sub=1
[pause] advance_sim_steps(1) bought NO tick — mask=02 player=0 panel=1 modal=0 menu=0 sub=1
[pause] advance_sim_steps(1) bought NO tick — mask=02 player=0 panel=1 modal=0 menu=0 sub=1
[pause] advance_sim_steps(1) bought NO tick — mask=02 player=0 panel=1 modal=0 menu=0 sub=1
[pause] advance_sim_steps(1) bought NO tick — mask=02 player=0 panel=1 modal=0 menu=0 sub=1
[pause] advance_sim_steps(1) bought NO tick — mask=02 player=0 panel=1 modal=0 menu=0 sub=1
[pause] advance_sim_steps(1) bought NO tick — mask=02 player=0 panel=1 modal=0 menu=0 sub=1
[pause] advance_sim_steps(1) bought NO tick — mask=02 player=0 panel=1 modal=0 menu=0 sub=1
[pause] advance_sim_steps(1) bought NO tick — mask=02 player=0 panel=1 modal=0 menu=0 sub=1
[pause] advance_sim_steps(1) bought NO tick — mask=02 player=0 panel=1 modal=0 menu=0 sub=1
[pause] advance_sim_steps(1) bought NO tick — mask=02 player=0 panel=1 modal=0 menu=0 sub=1
[pause] advance_sim_steps(1) bought NO tick — mask=02 player=0 panel=1 modal=0 menu=0 sub=1
[pause] advance_sim_steps(1) bought NO tick — mask=02 player=0 panel=1 modal=0 menu=0 sub=1
[pause] advance_sim_steps(1) bought NO tick — mask=02 player=0 panel=1 modal=0 menu=0 sub=1
[pause] advance_sim_steps(1) bought NO tick — mask=02 player=0 panel=1 modal=0 menu=0 sub=1
[pause] advance_sim_steps(1) bought NO tick — mask=02 player=0 panel=1 modal=0 menu=0 sub=1
[pause] advance_sim_steps(1) bought NO tick — mask=02 player=0 panel=1 modal=0 menu=0 sub=1
[pause] advance_sim_steps(1) bought NO tick — mask=02 player=0 panel=1 modal=0 menu=0 sub=1
[pause] advance_sim_steps(1) bought NO tick — mask=02 player=0 panel=1 modal=0 menu=0 sub=1
[pause] advance_sim_steps(1) bought NO tick — mask=02 player=0 panel=1 modal=0 menu=0 sub=1
[pause] advance_sim_steps(1) bought NO tick — mask=02 player=0 panel=1 modal=0 menu=0 sub=1
[pause] advance_sim_steps(1) bought NO tick — mask=02 player=0 panel=1 modal=0 menu=0 sub=1
[pause] advance_sim_steps(1) bought NO tick — mask=02 player=0 panel=1 modal=0 menu=0 sub=1
[pause] advance_sim_steps(1) bought NO tick — mask=02 player=0 panel=1 modal=0 menu=0 sub=1
[pause] advance_sim_steps(1) bought NO tick — mask=02 player=0 panel=1 modal=0 menu=0 sub=1
[pause] advance_sim_steps(1) bought NO tick — mask=02 player=0 panel=1 modal=0 menu=0 sub=1
[pause] advance_sim_steps(1) bought NO tick — mask=02 player=0 panel=1 modal=0 menu=0 sub=1
[pause] advance_sim_steps(1) bought NO tick — mask=02 player=0 panel=1 modal=0 menu=0 sub=1
[pause] advance_sim_steps(1) bought NO tick — mask=02 player=0 panel=1 modal=0 menu=0 sub=1
[pause] advance_sim_steps(1) bought NO tick — mask=02 player=0 panel=1 modal=0 menu=0 sub=1
[pause] advance_sim_steps(1) bought NO tick — mask=02 player=0 panel=1 modal=0 menu=0 sub=1
[pause] advance_sim_steps(1) bought NO tick — mask=02 player=0 panel=1 modal=0 menu=0 sub=1
[pause] advance_sim_steps(1) bought NO tick — mask=02 player=0 panel=1 modal=0 menu=0 sub=1
[pause] advance_sim_steps(1) bought NO tick — mask=02 player=0 panel=1 modal=0 menu=0 sub=1
[pause] advance_sim_steps(1) bought NO tick — mask=02 player=0 panel=1 modal=0 menu=0 sub=1
[pause] advance_sim_steps(1) bought NO tick — mask=02 player=0 panel=1 modal=0 menu=0 sub=1
[pause] advance_sim_steps(1) bought NO tick — mask=02 player=0 panel=1 modal=0 menu=0 sub=1
[pause] advance_sim_steps(1) bought NO tick — mask=02 player=0 panel=1 modal=0 menu=0 sub=1
[pause] advance_sim_steps(1) bought NO tick — mask=02 player=0 panel=1 modal=0 menu=0 sub=1
[pause] advance_sim_steps(1) bought NO tick — mask=02 player=0 panel=1 modal=0 menu=0 sub=1
[pause] advance_sim_steps(1) bought NO tick — mask=02 player=0 panel=1 modal=0 menu=0 sub=1
[pause] advance_sim_steps(1) bought NO tick — mask=02 player=0 panel=1 modal=0 menu=0 sub=1
[pause] advance_sim_steps(1) bought NO tick — mask=02 player=0 panel=1 modal=0 menu=0 sub=1
[pause] advance_sim_steps(1) bought NO tick — mask=02 player=0 panel=1 modal=0 menu=0 sub=1
[pause] advance_sim_steps(1) bought NO tick — mask=02 player=0 panel=1 modal=0 menu=0 sub=1
[pause] advance_sim_steps(1) bought NO tick — mask=02 player=0 panel=1 modal=0 menu=0 sub=1
[pause] advance_sim_steps(1) bought NO tick — mask=02 player=0 panel=1 modal=0 menu=0 sub=1
[pause] advance_sim_steps(1) bought NO tick — mask=02 player=0 panel=1 modal=0 menu=0 sub=1
[pause] advance_sim_steps(1) bought NO tick — mask=02 player=0 panel=1 modal=0 menu=0 sub=1
[pause] advance_sim_steps(1) bought NO tick — mask=02 player=0 panel=1 modal=0 menu=0 sub=1
[pause] advance_sim_steps(1) bought NO tick — mask=02 player=0 panel=1 modal=0 menu=0 sub=1
[pause] advance_sim_steps(1) bought NO tick — mask=02 player=0 panel=1 modal=0 menu=0 sub=1
[pause] advance_sim_steps(1) bought NO tick — mask=02 player=0 panel=1 modal=0 menu=0 sub=1
[pause] advance_sim_steps(1) bought NO tick — mask=02 player=0 panel=1 modal=0 menu=0 sub=1
[pause] advance_sim_steps(1) bought NO tick — mask=02 player=0 panel=1 modal=0 menu=0 sub=1
[pause] advance_sim_steps(1) bought NO tick — mask=02 player=0 panel=1 modal=0 menu=0 sub=1
[pause] advance_sim_steps(1) bought NO tick — mask=02 player=0 panel=1 modal=0 menu=0 sub=1
[pause] advance_sim_steps(1) bought NO tick — mask=02 player=0 panel=1 modal=0 menu=0 sub=1
[pause] advance_sim_steps(1) bought NO tick — mask=02 player=0 panel=1 modal=0 menu=0 sub=1
[pause] advance_sim_steps(1) bought NO tick — mask=02 player=0 panel=1 modal=0 menu=0 sub=1
[pause] advance_sim_steps(1) bought NO tick — mask=02 player=0 panel=1 modal=0 menu=0 sub=1
[pause] advance_sim_steps(1) bought NO tick — mask=02 player=0 panel=1 modal=0 menu=0 sub=1
[pause] advance_sim_steps(1) bought NO tick — mask=02 player=0 panel=1 modal=0 menu=0 sub=1
[pause] advance_sim_steps(1) bought NO tick — mask=02 player=0 panel=1 modal=0 menu=0 sub=1
[pause] advance_sim_steps(1) bought NO tick — mask=02 player=0 panel=1 modal=0 menu=0 sub=1
[pause] advance_sim_steps(1) bought NO tick — mask=02 player=0 panel=1 modal=0 menu=0 sub=1
[pause] advance_sim_steps(1) bought NO tick — mask=02 player=0 panel=1 modal=0 menu=0 sub=1
[pause] advance_sim_steps(1) bought NO tick — mask=02 player=0 panel=1 modal=0 menu=0 sub=1
[pause] advance_sim_steps(1) bought NO tick — mask=02 player=0 panel=1 modal=0 menu=0 sub=1
[pause] advance_sim_steps(1) bought NO tick — mask=02 player=0 panel=1 modal=0 menu=0 sub=1
[pause] advance_sim_steps(1) bought NO tick — mask=02 player=0 panel=1 modal=0 menu=0 sub=1
[pause] advance_sim_steps(1) bought NO tick — mask=02 player=0 panel=1 modal=0 menu=0 sub=1
[pause] advance_sim_steps(1) bought NO tick — mask=02 player=0 panel=1 modal=0 menu=0 sub=1
[pause] advance_sim_steps(1) bought NO tick — mask=02 player=0 panel=1 modal=0 menu=0 sub=1
[pause] advance_sim_steps(1) bought NO tick — mask=02 player=0 panel=1 modal=0 menu=0 sub=1
[pause] advance_sim_steps(1) bought NO tick — mask=02 player=0 panel=1 modal=0 menu=0 sub=1
[pause] advance_sim_steps(1) bought NO tick — mask=02 player=0 panel=1 modal=0 menu=0 sub=1
[pause] advance_sim_steps(1) bought NO tick — mask=02 player=0 panel=1 modal=0 menu=0 sub=1
[pause] advance_sim_steps(1) bought NO tick — mask=02 player=0 panel=1 modal=0 menu=0 sub=1
[pause] advance_sim_steps(1) bought NO tick — mask=02 player=0 panel=1 modal=0 menu=0 sub=1
[pause] advance_sim_steps(1) bought NO tick — mask=02 player=0 panel=1 modal=0 menu=0 sub=1
[pause] advance_sim_steps(1) bought NO tick — mask=02 player=0 panel=1 modal=0 menu=0 sub=1
[pause] advance_sim_steps(1) bought NO tick — mask=02 player=0 panel=1 modal=0 menu=0 sub=1
[pause] advance_sim_steps(1) bought NO tick — mask=02 player=0 panel=1 modal=0 menu=0 sub=1
[pause] advance_sim_steps(1) bought NO tick — mask=02 player=0 panel=1 modal=0 menu=0 sub=1
[pause] advance_sim_steps(1) bought NO tick — mask=02 player=0 panel=1 modal=0 menu=0 sub=1
[pause] advance_sim_steps(1) bought NO tick — mask=02 player=0 panel=1 modal=0 menu=0 sub=1
[pause] advance_sim_steps(1) bought NO tick — mask=02 player=0 panel=1 modal=0 menu=0 sub=1
[pause] advance_sim_steps(1) bought NO tick — mask=02 player=0 panel=1 modal=0 menu=0 sub=1
[pause] advance_sim_steps(1) bought NO tick — mask=02 player=0 panel=1 modal=0 menu=0 sub=1
[pause] advance_sim_steps(1) bought NO tick — mask=02 player=0 panel=1 modal=0 menu=0 sub=1
[pause] advance_sim_steps(1) bought NO tick — mask=02 player=0 panel=1 modal=0 menu=0 sub=1
[pause] advance_sim_steps(1) bought NO tick — mask=02 player=0 panel=1 modal=0 menu=0 sub=1
[pause] advance_sim_steps(1) bought NO tick — mask=02 player=0 panel=1 modal=0 menu=0 sub=1
[pause] advance_sim_steps(1) bought NO tick — mask=02 player=0 panel=1 modal=0 menu=0 sub=1
[pause] advance_sim_steps(1) bought NO tick — mask=02 player=0 panel=1 modal=0 menu=0 sub=1
[pause] advance_sim_steps(1) bought NO tick — mask=02 player=0 panel=1 modal=0 menu=0 sub=1
[pause] advance_sim_steps(1) bought NO tick — mask=02 player=0 panel=1 modal=0 menu=0 sub=1
[pause] advance_sim_steps(1) bought NO tick — mask=02 player=0 panel=1 modal=0 menu=0 sub=1
[pause] advance_sim_steps(1) bought NO tick — mask=02 player=0 panel=1 modal=0 menu=0 sub=1
[pause] advance_sim_steps(1) bought NO tick — mask=02 player=0 panel=1 modal=0 menu=0 sub=1
[pause] advance_sim_steps(1) bought NO tick — mask=02 player=0 panel=1 modal=0 menu=0 sub=1
[pause] advance_sim_steps(1) bought NO tick — mask=02 player=0 panel=1 modal=0 menu=0 sub=1
[pause] advance_sim_steps(1) bought NO tick — mask=02 player=0 panel=1 modal=0 menu=0 sub=1
[pause] advance_sim_steps(1) bought NO tick — mask=02 player=0 panel=1 modal=0 menu=0 sub=1
[pause] advance_sim_steps(1) bought NO tick — mask=02 player=0 panel=1 modal=0 menu=0 sub=1
[pause] advance_sim_steps(1) bought NO tick — mask=02 player=0 panel=1 modal=0 menu=0 sub=1
[pause] advance_sim_steps(1) bought NO tick — mask=02 player=0 panel=1 modal=0 menu=0 sub=1
[pause] advance_sim_steps(1) bought NO tick — mask=02 player=0 panel=1 modal=0 menu=0 sub=1
[pause] advance_sim_steps(1) bought NO tick — mask=02 player=0 panel=1 modal=0 menu=0 sub=1
[pause] advance_sim_steps(1) bought NO tick — mask=02 player=0 panel=1 modal=0 menu=0 sub=1
[pause] advance_sim_steps(1) bought NO tick — mask=02 player=0 panel=1 modal=0 menu=0 sub=1
[pause] advance_sim_steps(1) bought NO tick — mask=02 player=0 panel=1 modal=0 menu=0 sub=1
[pause] advance_sim_steps(1) bought NO tick — mask=02 player=0 panel=1 modal=0 menu=0 sub=1
[pause] advance_sim_steps(1) bought NO tick — mask=02 player=0 panel=1 modal=0 menu=0 sub=1
[pause] advance_sim_steps(1) bought NO tick — mask=02 player=0 panel=1 modal=0 menu=0 sub=1
[pause] advance_sim_steps(1) bought NO tick — mask=02 player=0 panel=1 modal=0 menu=0 sub=1
[pause] advance_sim_steps(1) bought NO tick — mask=02 player=0 panel=1 modal=0 menu=0 sub=1
[pause] advance_sim_steps(1) bought NO tick — mask=02 player=0 panel=1 modal=0 menu=0 sub=1
[pause] advance_sim_steps(1) bought NO tick — mask=02 player=0 panel=1 modal=0 menu=0 sub=1
[pause] advance_sim_steps(1) bought NO tick — mask=02 player=0 panel=1 modal=0 menu=0 sub=1
[pause] advance_sim_steps(1) bought NO tick — mask=02 player=0 panel=1 modal=0 menu=0 sub=1
[pause] advance_sim_steps(1) bought NO tick — mask=02 player=0 panel=1 modal=0 menu=0 sub=1
[pause] advance_sim_steps(1) bought NO tick — mask=02 player=0 panel=1 modal=0 menu=0 sub=1
[pause] advance_sim_steps(1) bought NO tick — mask=02 player=0 panel=1 modal=0 menu=0 sub=1
[pause] advance_sim_steps(1) bought NO tick — mask=02 player=0 panel=1 modal=0 menu=0 sub=1
[pause] advance_sim_steps(1) bought NO tick — mask=02 player=0 panel=1 modal=0 menu=0 sub=1
[pause] advance_sim_steps(1) bought NO tick — mask=02 player=0 panel=1 modal=0 menu=0 sub=1
[pause] advance_sim_steps(1) bought NO tick — mask=02 player=0 panel=1 modal=0 menu=0 sub=1
[pause] advance_sim_steps(1) bought NO tick — mask=02 player=0 panel=1 modal=0 menu=0 sub=1
[pause] advance_sim_steps(1) bought NO tick — mask=02 player=0 panel=1 modal=0 menu=0 sub=1
[pause] advance_sim_steps(1) bought NO tick — mask=02 player=0 panel=1 modal=0 menu=0 sub=1
[pause] advance_sim_steps(1) bought NO tick — mask=02 player=0 panel=1 modal=0 menu=0 sub=1
[pause] advance_sim_steps(1) bought NO tick — mask=02 player=0 panel=1 modal=0 menu=0 sub=1
[pause] advance_sim_steps(1) bought NO tick — mask=02 player=0 panel=1 modal=0 menu=0 sub=1
[pause] advance_sim_steps(1) bought NO tick — mask=02 player=0 panel=1 modal=0 menu=0 sub=1
[pause] advance_sim_steps(1) bought NO tick — mask=02 player=0 panel=1 modal=0 menu=0 sub=1
[pause] advance_sim_steps(1) bought NO tick — mask=02 player=0 panel=1 modal=0 menu=0 sub=1
[pause] advance_sim_steps(1) bought NO tick — mask=02 player=0 panel=1 modal=0 menu=0 sub=1
[pause] advance_sim_steps(1) bought NO tick — mask=02 player=0 panel=1 modal=0 menu=0 sub=1
[pause] advance_sim_steps(1) bought NO tick — mask=02 player=0 panel=1 modal=0 menu=0 sub=1
[pause] advance_sim_steps(1) bought NO tick — mask=02 player=0 panel=1 modal=0 menu=0 sub=1
[pause] advance_sim_steps(1) bought NO tick — mask=02 player=0 panel=1 modal=0 menu=0 sub=1
[pause] advance_sim_steps(1) bought NO tick — mask=02 player=0 panel=1 modal=0 menu=0 sub=1
[pause] advance_sim_steps(1) bought NO tick — mask=02 player=0 panel=1 modal=0 menu=0 sub=1
[pause] advance_sim_steps(1) bought NO tick — mask=02 player=0 panel=1 modal=0 menu=0 sub=1
[pause] advance_sim_steps(1) bought NO tick — mask=02 player=0 panel=1 modal=0 menu=0 sub=1
[pause] advance_sim_steps(1) bought NO tick — mask=02 player=0 panel=1 modal=0 menu=0 sub=1
[pause] advance_sim_steps(1) bought NO tick — mask=02 player=0 panel=1 modal=0 menu=0 sub=1
[pause] advance_sim_steps(1) bought NO tick — mask=02 player=0 panel=1 modal=0 menu=0 sub=1
[pause] advance_sim_steps(1) bought NO tick — mask=02 player=0 panel=1 modal=0 menu=0 sub=1
[pause] advance_sim_steps(1) bought NO tick — mask=02 player=0 panel=1 modal=0 menu=0 sub=1
[pause] advance_sim_steps(1) bought NO tick — mask=02 player=0 panel=1 modal=0 menu=0 sub=1
[pause] advance_sim_steps(1) bought NO tick — mask=02 player=0 panel=1 modal=0 menu=0 sub=1
[pause] advance_sim_steps(1) bought NO tick — mask=02 player=0 panel=1 modal=0 menu=0 sub=1
[pause] advance_sim_steps(1) bought NO tick — mask=02 player=0 panel=1 modal=0 menu=0 sub=1
[pause] advance_sim_steps(1) bought NO tick — mask=02 player=0 panel=1 modal=0 menu=0 sub=1
[pause] advance_sim_steps(1) bought NO tick — mask=02 player=0 panel=1 modal=0 menu=0 sub=1
[pause] advance_sim_steps(1) bought NO tick — mask=02 player=0 panel=1 modal=0 menu=0 sub=1
[pause] advance_sim_steps(1) bought NO tick — mask=02 player=0 panel=1 modal=0 menu=0 sub=1
[pause] advance_sim_steps(1) bought NO tick — mask=02 player=0 panel=1 modal=0 menu=0 sub=1
[pause] advance_sim_steps(1) bought NO tick — mask=02 player=0 panel=1 modal=0 menu=0 sub=1
[pause] advance_sim_steps(1) bought NO tick — mask=02 player=0 panel=1 modal=0 menu=0 sub=1
[pause] advance_sim_steps(1) bought NO tick — mask=02 player=0 panel=1 modal=0 menu=0 sub=1
[pause] advance_sim_steps(1) bought NO tick — mask=02 player=0 panel=1 modal=0 menu=0 sub=1
[pause] advance_sim_steps(1) bought NO tick — mask=02 player=0 panel=1 modal=0 menu=0 sub=1
[pause] advance_sim_steps(1) bought NO tick — mask=02 player=0 panel=1 modal=0 menu=0 sub=1
[pause] advance_sim_steps(1) bought NO tick — mask=02 player=0 panel=1 modal=0 menu=0 sub=1
[pause] advance_sim_steps(1) bought NO tick — mask=02 player=0 panel=1 modal=0 menu=0 sub=1
[pause] advance_sim_steps(1) bought NO tick — mask=02 player=0 panel=1 modal=0 menu=0 sub=1
[pause] advance_sim_steps(1) bought NO tick — mask=02 player=0 panel=1 modal=0 menu=0 sub=1
[pause] advance_sim_steps(1) bought NO tick — mask=02 player=0 panel=1 modal=0 menu=0 sub=1
[pause] advance_sim_steps(1) bought NO tick — mask=02 player=0 panel=1 modal=0 menu=0 sub=1
[pause] advance_sim_steps(1) bought NO tick — mask=02 player=0 panel=1 modal=0 menu=0 sub=1
[pause] advance_sim_steps(1) bought NO tick — mask=02 player=0 panel=1 modal=0 menu=0 sub=1
[pause] advance_sim_steps(1) bought NO tick — mask=02 player=0 panel=1 modal=0 menu=0 sub=1
[pause] advance_sim_steps(1) bought NO tick — mask=02 player=0 panel=1 modal=0 menu=0 sub=1
[pause] advance_sim_steps(1) bought NO tick — mask=02 player=0 panel=1 modal=0 menu=0 sub=1
[pause] advance_sim_steps(1) bought NO tick — mask=02 player=0 panel=1 modal=0 menu=0 sub=1
[pause] advance_sim_steps(1) bought NO tick — mask=02 player=0 panel=1 modal=0 menu=0 sub=1
[pause] advance_sim_steps(1) bought NO tick — mask=02 player=0 panel=1 modal=0 menu=0 sub=1
[pause] advance_sim_steps(1) bought NO tick — mask=02 player=0 panel=1 modal=0 menu=0 sub=1
[pause] advance_sim_steps(1) bought NO tick — mask=02 player=0 panel=1 modal=0 menu=0 sub=1
[pause] advance_sim_steps(1) bought NO tick — mask=02 player=0 panel=1 modal=0 menu=0 sub=1
[pause] advance_sim_steps(1) bought NO tick — mask=02 player=0 panel=1 modal=0 menu=0 sub=1
[pause] advance_sim_steps(1) bought NO tick — mask=02 player=0 panel=1 modal=0 menu=0 sub=1
[pause] advance_sim_steps(1) bought NO tick — mask=02 player=0 panel=1 modal=0 menu=0 sub=1
[pause] advance_sim_steps(1) bought NO tick — mask=02 player=0 panel=1 modal=0 menu=0 sub=1
[pause] advance_sim_steps(1) bought NO tick — mask=02 player=0 panel=1 modal=0 menu=0 sub=1
[pause] advance_sim_steps(1) bought NO tick — mask=02 player=0 panel=1 modal=0 menu=0 sub=1
[pause] advance_sim_steps(1) bought NO tick — mask=02 player=0 panel=1 modal=0 menu=0 sub=1
[pause] advance_sim_steps(1) bought NO tick — mask=02 player=0 panel=1 modal=0 menu=0 sub=1
[pause] advance_sim_steps(1) bought NO tick — mask=02 player=0 panel=1 modal=0 menu=0 sub=1
[pause] advance_sim_steps(1) bought NO tick — mask=02 player=0 panel=1 modal=0 menu=0 sub=1
[pause] advance_sim_steps(1) bought NO tick — mask=02 player=0 panel=1 modal=0 menu=0 sub=1
[pause] advance_sim_steps(1) bought NO tick — mask=02 player=0 panel=1 modal=0 menu=0 sub=1
[pause] advance_sim_steps(1) bought NO tick — mask=02 player=0 panel=1 modal=0 menu=0 sub=1
[pause] advance_sim_steps(1) bought NO tick — mask=02 player=0 panel=1 modal=0 menu=0 sub=1
[pause] advance_sim_steps(1) bought NO tick — mask=02 player=0 panel=1 modal=0 menu=0 sub=1
[pause] advance_sim_steps(1) bought NO tick — mask=02 player=0 panel=1 modal=0 menu=0 sub=1
[pause] advance_sim_steps(1) bought NO tick — mask=02 player=0 panel=1 modal=0 menu=0 sub=1
[pause] advance_sim_steps(1) bought NO tick — mask=02 player=0 panel=1 modal=0 menu=0 sub=1
[pause] advance_sim_steps(1) bought NO tick — mask=02 player=0 panel=1 modal=0 menu=0 sub=1
[pause] advance_sim_steps(1) bought NO tick — mask=02 player=0 panel=1 modal=0 menu=0 sub=1
[pause] advance_sim_steps(1) bought NO tick — mask=02 player=0 panel=1 modal=0 menu=0 sub=1
[pause] advance_sim_steps(1) bought NO tick — mask=02 player=0 panel=1 modal=0 menu=0 sub=1
[pause] advance_sim_steps(1) bought NO tick — mask=02 player=0 panel=1 modal=0 menu=0 sub=1
[pause] advance_sim_steps(1) bought NO tick — mask=02 player=0 panel=1 modal=0 menu=0 sub=1
[pause] advance_sim_steps(1) bought NO tick — mask=02 player=0 panel=1 modal=0 menu=0 sub=1
[pause] advance_sim_steps(1) bought NO tick — mask=02 player=0 panel=1 modal=0 menu=0 sub=1
[pause] advance_sim_steps(1) bought NO tick — mask=02 player=0 panel=1 modal=0 menu=0 sub=1
[pause] advance_sim_steps(1) bought NO tick — mask=02 player=0 panel=1 modal=0 menu=0 sub=1
[pause] advance_sim_steps(1) bought NO tick — mask=02 player=0 panel=1 modal=0 menu=0 sub=1
[pause] advance_sim_steps(1) bought NO tick — mask=02 player=0 panel=1 modal=0 menu=0 sub=1
[pause] advance_sim_steps(1) bought NO tick — mask=02 player=0 panel=1 modal=0 menu=0 sub=1
[pause] advance_sim_steps(1) bought NO tick — mask=02 player=0 panel=1 modal=0 menu=0 sub=1
[pause] advance_sim_steps(1) bought NO tick — mask=02 player=0 panel=1 modal=0 menu=0 sub=1
[pause] advance_sim_steps(1) bought NO tick — mask=02 player=0 panel=1 modal=0 menu=0 sub=1
[pause] advance_sim_steps(1) bought NO tick — mask=02 player=0 panel=1 modal=0 menu=0 sub=1
[pause] advance_sim_steps(1) bought NO tick — mask=02 player=0 panel=1 modal=0 menu=0 sub=1
[pause] advance_sim_steps(1) bought NO tick — mask=02 player=0 panel=1 modal=0 menu=0 sub=1
[pause] advance_sim_steps(1) bought NO tick — mask=02 player=0 panel=1 modal=0 menu=0 sub=1
[pause] advance_sim_steps(1) bought NO tick — mask=02 player=0 panel=1 modal=0 menu=0 sub=1
[pause] advance_sim_steps(1) bought NO tick — mask=02 player=0 panel=1 modal=0 menu=0 sub=1
[pause] advance_sim_steps(1) bought NO tick — mask=02 player=0 panel=1 modal=0 menu=0 sub=1
[pause] advance_sim_steps(1) bought NO tick — mask=02 player=0 panel=1 modal=0 menu=0 sub=1
[pause] advance_sim_steps(1) bought NO tick — mask=02 player=0 panel=1 modal=0 menu=0 sub=1
[pause] advance_sim_steps(1) bought NO tick — mask=02 player=0 panel=1 modal=0 menu=0 sub=1
[pause] advance_sim_steps(1) bought NO tick — mask=02 player=0 panel=1 modal=0 menu=0 sub=1
[pause] advance_sim_steps(1) bought NO tick — mask=02 player=0 panel=1 modal=0 menu=0 sub=1
[pause] advance_sim_steps(1) bought NO tick — mask=02 player=0 panel=1 modal=0 menu=0 sub=1
[pause] advance_sim_steps(1) bought NO tick — mask=02 player=0 panel=1 modal=0 menu=0 sub=1
[pause] advance_sim_steps(1) bought NO tick — mask=02 player=0 panel=1 modal=0 menu=0 sub=1
[pause] advance_sim_steps(1) bought NO tick — mask=02 player=0 panel=1 modal=0 menu=0 sub=1
[pause] advance_sim_steps(1) bought NO tick — mask=02 player=0 panel=1 modal=0 menu=0 sub=1
[pause] advance_sim_steps(1) bought NO tick — mask=02 player=0 panel=1 modal=0 menu=0 sub=1
[pause] advance_sim_steps(1) bought NO tick — mask=02 player=0 panel=1 modal=0 menu=0 sub=1
[pause] advance_sim_steps(1) bought NO tick — mask=02 player=0 panel=1 modal=0 menu=0 sub=1
[pause] advance_sim_steps(1) bought NO tick — mask=02 player=0 panel=1 modal=0 menu=0 sub=1
[pause] advance_sim_steps(1) bought NO tick — mask=02 player=0 panel=1 modal=0 menu=0 sub=1
[pause] advance_sim_steps(1) bought NO tick — mask=02 player=0 panel=1 modal=0 menu=0 sub=1
[pause] advance_sim_steps(1) bought NO tick — mask=02 player=0 panel=1 modal=0 menu=0 sub=1
[pause] advance_sim_steps(1) bought NO tick — mask=02 player=0 panel=1 modal=0 menu=0 sub=1
[pause] advance_sim_steps(1) bought NO tick — mask=02 player=0 panel=1 modal=0 menu=0 sub=1
[pause] advance_sim_steps(1) bought NO tick — mask=02 player=0 panel=1 modal=0 menu=0 sub=1
[pause] advance_sim_steps(1) bought NO tick — mask=02 player=0 panel=1 modal=0 menu=0 sub=1
[pause] advance_sim_steps(1) bought NO tick — mask=02 player=0 panel=1 modal=0 menu=0 sub=1
[pause] advance_sim_steps(1) bought NO tick — mask=02 player=0 panel=1 modal=0 menu=0 sub=1
[pause] advance_sim_steps(1) bought NO tick — mask=02 player=0 panel=1 modal=0 menu=0 sub=1
[pause] advance_sim_steps(1) bought NO tick — mask=02 player=0 panel=1 modal=0 menu=0 sub=1
[pause] advance_sim_steps(1) bought NO tick — mask=02 player=0 panel=1 modal=0 menu=0 sub=1
[pause] advance_sim_steps(1) bought NO tick — mask=02 player=0 panel=1 modal=0 menu=0 sub=1
[pause] advance_sim_steps(1) bought NO tick — mask=02 player=0 panel=1 modal=0 menu=0 sub=1
[pause] advance_sim_steps(1) bought NO tick — mask=02 player=0 panel=1 modal=0 menu=0 sub=1
[pause] advance_sim_steps(1) bought NO tick — mask=02 player=0 panel=1 modal=0 menu=0 sub=1
[pause] advance_sim_steps(1) bought NO tick — mask=02 player=0 panel=1 modal=0 menu=0 sub=1
[pause] advance_sim_steps(1) bought NO tick — mask=02 player=0 panel=1 modal=0 menu=0 sub=1
[pause] advance_sim_steps(1) bought NO tick — mask=02 player=0 panel=1 modal=0 menu=0 sub=1
[pause] advance_sim_steps(1) bought NO tick — mask=02 player=0 panel=1 modal=0 menu=0 sub=1
[pause] advance_sim_steps(1) bought NO tick — mask=02 player=0 panel=1 modal=0 menu=0 sub=1
[pause] advance_sim_steps(1) bought NO tick — mask=02 player=0 panel=1 modal=0 menu=0 sub=1
[pause] advance_sim_steps(1) bought NO tick — mask=02 player=0 panel=1 modal=0 menu=0 sub=1
[pause] advance_sim_steps(1) bought NO tick — mask=02 player=0 panel=1 modal=0 menu=0 sub=1
[pause] advance_sim_steps(1) bought NO tick — mask=02 player=0 panel=1 modal=0 menu=0 sub=1
[pause] advance_sim_steps(1) bought NO tick — mask=02 player=0 panel=1 modal=0 menu=0 sub=1
[pause] advance_sim_steps(1) bought NO tick — mask=02 player=0 panel=1 modal=0 menu=0 sub=1
[pause] advance_sim_steps(1) bought NO tick — mask=02 player=0 panel=1 modal=0 menu=0 sub=1
[pause] advance_sim_steps(1) bought NO tick — mask=02 player=0 panel=1 modal=0 menu=0 sub=1
[pause] advance_sim_steps(1) bought NO tick — mask=02 player=0 panel=1 modal=0 menu=0 sub=1
[pause] advance_sim_steps(1) bought NO tick — mask=02 player=0 panel=1 modal=0 menu=0 sub=1
[pause] advance_sim_steps(1) bought NO tick — mask=02 player=0 panel=1 modal=0 menu=0 sub=1
[pause] advance_sim_steps(1) bought NO tick — mask=02 player=0 panel=1 modal=0 menu=0 sub=1
[pause] advance_sim_steps(1) bought NO tick — mask=02 player=0 panel=1 modal=0 menu=0 sub=1
[pause] advance_sim_steps(1) bought NO tick — mask=02 player=0 panel=1 modal=0 menu=0 sub=1
[pause] advance_sim_steps(1) bought NO tick — mask=02 player=0 panel=1 modal=0 menu=0 sub=1
[pause] advance_sim_steps(1) bought NO tick — mask=02 player=0 panel=1 modal=0 menu=0 sub=1
[pause] advance_sim_steps(1) bought NO tick — mask=02 player=0 panel=1 modal=0 menu=0 sub=1
[pause] advance_sim_steps(1) bought NO tick — mask=02 player=0 panel=1 modal=0 menu=0 sub=1
[pause] advance_sim_steps(1) bought NO tick — mask=02 player=0 panel=1 modal=0 menu=0 sub=1
[pause] advance_sim_steps(1) bought NO tick — mask=02 player=0 panel=1 modal=0 menu=0 sub=1
[pause] advance_sim_steps(1) bought NO tick — mask=02 player=0 panel=1 modal=0 menu=0 sub=1
[pause] advance_sim_steps(1) bought NO tick — mask=02 player=0 panel=1 modal=0 menu=0 sub=1
[pause] advance_sim_steps(1) bought NO tick — mask=02 player=0 panel=1 modal=0 menu=0 sub=1
[pause] advance_sim_steps(1) bought NO tick — mask=02 player=0 panel=1 modal=0 menu=0 sub=1
[pause] advance_sim_steps(1) bought NO tick — mask=02 player=0 panel=1 modal=0 menu=0 sub=1
[pause] advance_sim_steps(1) bought NO tick — mask=02 player=0 panel=1 modal=0 menu=0 sub=1
[pause] advance_sim_steps(1) bought NO tick — mask=02 player=0 panel=1 modal=0 menu=0 sub=1
[pause] advance_sim_steps(1) bought NO tick — mask=02 player=0 panel=1 modal=0 menu=0 sub=1
[pause] advance_sim_steps(1) bought NO tick — mask=02 player=0 panel=1 modal=0 menu=0 sub=1
[pause] advance_sim_steps(1) bought NO tick — mask=02 player=0 panel=1 modal=0 menu=0 sub=1
[pause] advance_sim_steps(1) bought NO tick — mask=02 player=0 panel=1 modal=0 menu=0 sub=1
[pause] advance_sim_steps(1) bought NO tick — mask=02 player=0 panel=1 modal=0 menu=0 sub=1
[pause] advance_sim_steps(1) bought NO tick — mask=02 player=0 panel=1 modal=0 menu=0 sub=1
[pause] advance_sim_steps(1) bought NO tick — mask=02 player=0 panel=1 modal=0 menu=0 sub=1
[pause] advance_sim_steps(1) bought NO tick — mask=02 player=0 panel=1 modal=0 menu=0 sub=1
[pause] advance_sim_steps(1) bought NO tick — mask=02 player=0 panel=1 modal=0 menu=0 sub=1
[pause] advance_sim_steps(1) bought NO tick — mask=02 player=0 panel=1 modal=0 menu=0 sub=1
[pause] advance_sim_steps(1) bought NO tick — mask=02 player=0 panel=1 modal=0 menu=0 sub=1
[pause] advance_sim_steps(1) bought NO tick — mask=02 player=0 panel=1 modal=0 menu=0 sub=1
[pause] advance_sim_steps(1) bought NO tick — mask=02 player=0 panel=1 modal=0 menu=0 sub=1
[pause] advance_sim_steps(1) bought NO tick — mask=02 player=0 panel=1 modal=0 menu=0 sub=1
[pause] advance_sim_steps(1) bought NO tick — mask=02 player=0 panel=1 modal=0 menu=0 sub=1
[pause] advance_sim_steps(1) bought NO tick — mask=02 player=0 panel=1 modal=0 menu=0 sub=1
[pause] advance_sim_steps(1) bought NO tick — mask=02 player=0 panel=1 modal=0 menu=0 sub=1
[pause] advance_sim_steps(1) bought NO tick — mask=02 player=0 panel=1 modal=0 menu=0 sub=1
[pause] advance_sim_steps(1) bought NO tick — mask=02 player=0 panel=1 modal=0 menu=0 sub=1
[pause] advance_sim_steps(1) bought NO tick — mask=02 player=0 panel=1 modal=0 menu=0 sub=1
[pause] advance_sim_steps(1) bought NO tick — mask=02 player=0 panel=1 modal=0 menu=0 sub=1
[pause] advance_sim_steps(1) bought NO tick — mask=02 player=0 panel=1 modal=0 menu=0 sub=1
[pause] advance_sim_steps(1) bought NO tick — mask=02 player=0 panel=1 modal=0 menu=0 sub=1
[pause] advance_sim_steps(1) bought NO tick — mask=02 player=0 panel=1 modal=0 menu=0 sub=1
[pause] advance_sim_steps(1) bought NO tick — mask=02 player=0 panel=1 modal=0 menu=0 sub=1
[pause] advance_sim_steps(1) bought NO tick — mask=02 player=0 panel=1 modal=0 menu=0 sub=1
[pause] advance_sim_steps(1) bought NO tick — mask=02 player=0 panel=1 modal=0 menu=0 sub=1
[pause] advance_sim_steps(1) bought NO tick — mask=02 player=0 panel=1 modal=0 menu=0 sub=1
[pause] advance_sim_steps(1) bought NO tick — mask=02 player=0 panel=1 modal=0 menu=0 sub=1
[pause] advance_sim_steps(1) bought NO tick — mask=02 player=0 panel=1 modal=0 menu=0 sub=1
[pause] advance_sim_steps(1) bought NO tick — mask=02 player=0 panel=1 modal=0 menu=0 sub=1
[pause] advance_sim_steps(1) bought NO tick — mask=02 player=0 panel=1 modal=0 menu=0 sub=1
[pause] advance_sim_steps(1) bought NO tick — mask=02 player=0 panel=1 modal=0 menu=0 sub=1
[pause] advance_sim_steps(1) bought NO tick — mask=02 player=0 panel=1 modal=0 menu=0 sub=1
[pause] advance_sim_steps(1) bought NO tick — mask=02 player=0 panel=1 modal=0 menu=0 sub=1
[pause] advance_sim_steps(1) bought NO tick — mask=02 player=0 panel=1 modal=0 menu=0 sub=1
[pause] advance_sim_steps(1) bought NO tick — mask=02 player=0 panel=1 modal=0 menu=0 sub=1
[pause] advance_sim_steps(1) bought NO tick — mask=02 player=0 panel=1 modal=0 menu=0 sub=1
[pause] advance_sim_steps(1) bought NO tick — mask=02 player=0 panel=1 modal=0 menu=0 sub=1
[pause] advance_sim_steps(1) bought NO tick — mask=02 player=0 panel=1 modal=0 menu=0 sub=1
[pause] advance_sim_steps(1) bought NO tick — mask=02 player=0 panel=1 modal=0 menu=0 sub=1
[pause] advance_sim_steps(1) bought NO tick — mask=02 player=0 panel=1 modal=0 menu=0 sub=1
[pause] advance_sim_steps(1) bought NO tick — mask=02 player=0 panel=1 modal=0 menu=0 sub=1
[pause] advance_sim_steps(1) bought NO tick — mask=02 player=0 panel=1 modal=0 menu=0 sub=1
[pause] advance_sim_steps(1) bought NO tick — mask=02 player=0 panel=1 modal=0 menu=0 sub=1
[pause] advance_sim_steps(1) bought NO tick — mask=02 player=0 panel=1 modal=0 menu=0 sub=1
[pause] advance_sim_steps(1) bought NO tick — mask=02 player=0 panel=1 modal=0 menu=0 sub=1
[pause] advance_sim_steps(1) bought NO tick — mask=02 player=0 panel=1 modal=0 menu=0 sub=1
[pause] advance_sim_steps(1) bought NO tick — mask=02 player=0 panel=1 modal=0 menu=0 sub=1
[pause] advance_sim_steps(1) bought NO tick — mask=02 player=0 panel=1 modal=0 menu=0 sub=1
[pause] advance_sim_steps(1) bought NO tick — mask=02 player=0 panel=1 modal=0 menu=0 sub=1
[pause] advance_sim_steps(1) bought NO tick — mask=02 player=0 panel=1 modal=0 menu=0 sub=1
[pause] advance_sim_steps(1) bought NO tick — mask=02 player=0 panel=1 modal=0 menu=0 sub=1
[pause] advance_sim_steps(1) bought NO tick — mask=02 player=0 panel=1 modal=0 menu=0 sub=1
[pause] advance_sim_steps(1) bought NO tick — mask=02 player=0 panel=1 modal=0 menu=0 sub=1
[pause] advance_sim_steps(1) bought NO tick — mask=02 player=0 panel=1 modal=0 menu=0 sub=1
[pause] advance_sim_steps(1) bought NO tick — mask=02 player=0 panel=1 modal=0 menu=0 sub=1
[pause] advance_sim_steps(1) bought NO tick — mask=02 player=0 panel=1 modal=0 menu=0 sub=1
[pause] advance_sim_steps(1) bought NO tick — mask=02 player=0 panel=1 modal=0 menu=0 sub=1
[pause] advance_sim_steps(1) bought NO tick — mask=02 player=0 panel=1 modal=0 menu=0 sub=1
[pause] advance_sim_steps(1) bought NO tick — mask=02 player=0 panel=1 modal=0 menu=0 sub=1
[pause] advance_sim_steps(1) bought NO tick — mask=02 player=0 panel=1 modal=0 menu=0 sub=1
[pause] advance_sim_steps(1) bought NO tick — mask=02 player=0 panel=1 modal=0 menu=0 sub=1
[pause] advance_sim_steps(1) bought NO tick — mask=02 player=0 panel=1 modal=0 menu=0 sub=1
[pause] advance_sim_steps(1) bought NO tick — mask=02 player=0 panel=1 modal=0 menu=0 sub=1
[pause] advance_sim_steps(1) bought NO tick — mask=02 player=0 panel=1 modal=0 menu=0 sub=1
[pause] advance_sim_steps(1) bought NO tick — mask=02 player=0 panel=1 modal=0 menu=0 sub=1
[pause] advance_sim_steps(1) bought NO tick — mask=02 player=0 panel=1 modal=0 menu=0 sub=1
[pause] advance_sim_steps(1) bought NO tick — mask=02 player=0 panel=1 modal=0 menu=0 sub=1
[pause] advance_sim_steps(1) bought NO tick — mask=02 player=0 panel=1 modal=0 menu=0 sub=1
[pause] advance_sim_steps(1) bought NO tick — mask=02 player=0 panel=1 modal=0 menu=0 sub=1
[pause] advance_sim_steps(1) bought NO tick — mask=02 player=0 panel=1 modal=0 menu=0 sub=1
[pause] advance_sim_steps(1) bought NO tick — mask=02 player=0 panel=1 modal=0 menu=0 sub=1
[pause] advance_sim_steps(1) bought NO tick — mask=02 player=0 panel=1 modal=0 menu=0 sub=1
[pause] advance_sim_steps(1) bought NO tick — mask=02 player=0 panel=1 modal=0 menu=0 sub=1
[pause] advance_sim_steps(1) bought NO tick — mask=02 player=0 panel=1 modal=0 menu=0 sub=1
[pause] advance_sim_steps(1) bought NO tick — mask=02 player=0 panel=1 modal=0 menu=0 sub=1
[pause] advance_sim_steps(1) bought NO tick — mask=02 player=0 panel=1 modal=0 menu=0 sub=1
[pause] advance_sim_steps(1) bought NO tick — mask=02 player=0 panel=1 modal=0 menu=0 sub=1
[pause] advance_sim_steps(1) bought NO tick — mask=02 player=0 panel=1 modal=0 menu=0 sub=1
[pause] advance_sim_steps(1) bought NO tick — mask=02 player=0 panel=1 modal=0 menu=0 sub=1
[pause] advance_sim_steps(1) bought NO tick — mask=02 player=0 panel=1 modal=0 menu=0 sub=1
[pause] advance_sim_steps(1) bought NO tick — mask=02 player=0 panel=1 modal=0 menu=0 sub=1
[pause] advance_sim_steps(1) bought NO tick — mask=02 player=0 panel=1 modal=0 menu=0 sub=1
[pause] advance_sim_steps(1) bought NO tick — mask=02 player=0 panel=1 modal=0 menu=0 sub=1
[pause] advance_sim_steps(1) bought NO tick — mask=02 player=0 panel=1 modal=0 menu=0 sub=1
[pause] advance_sim_steps(1) bought NO tick — mask=02 player=0 panel=1 modal=0 menu=0 sub=1
[pause] advance_sim_steps(1) bought NO tick — mask=02 player=0 panel=1 modal=0 menu=0 sub=1
[pause] advance_sim_steps(1) bought NO tick — mask=02 player=0 panel=1 modal=0 menu=0 sub=1
[pause] advance_sim_steps(1) bought NO tick — mask=02 player=0 panel=1 modal=0 menu=0 sub=1
[pause] advance_sim_steps(1) bought NO tick — mask=02 player=0 panel=1 modal=0 menu=0 sub=1
[pause] advance_sim_steps(1) bought NO tick — mask=02 player=0 panel=1 modal=0 menu=0 sub=1
[pause] advance_sim_steps(1) bought NO tick — mask=02 player=0 panel=1 modal=0 menu=0 sub=1
[pause] advance_sim_steps(1) bought NO tick — mask=02 player=0 panel=1 modal=0 menu=0 sub=1
[pause] advance_sim_steps(1) bought NO tick — mask=02 player=0 panel=1 modal=0 menu=0 sub=1
[pause] advance_sim_steps(1) bought NO tick — mask=02 player=0 panel=1 modal=0 menu=0 sub=1
[pause] advance_sim_steps(1) bought NO tick — mask=02 player=0 panel=1 modal=0 menu=0 sub=1
[pause] advance_sim_steps(1) bought NO tick — mask=02 player=0 panel=1 modal=0 menu=0 sub=1
[pause] advance_sim_steps(1) bought NO tick — mask=02 player=0 panel=1 modal=0 menu=0 sub=1
[pause] advance_sim_steps(1) bought NO tick — mask=02 player=0 panel=1 modal=0 menu=0 sub=1
[pause] advance_sim_steps(1) bought NO tick — mask=02 player=0 panel=1 modal=0 menu=0 sub=1
[pause] advance_sim_steps(1) bought NO tick — mask=02 player=0 panel=1 modal=0 menu=0 sub=1
[pause] advance_sim_steps(1) bought NO tick — mask=02 player=0 panel=1 modal=0 menu=0 sub=1
[pause] advance_sim_steps(1) bought NO tick — mask=02 player=0 panel=1 modal=0 menu=0 sub=1
[pause] advance_sim_steps(1) bought NO tick — mask=02 player=0 panel=1 modal=0 menu=0 sub=1
[pause] advance_sim_steps(1) bought NO tick — mask=02 player=0 panel=1 modal=0 menu=0 sub=1
[pause] advance_sim_steps(1) bought NO tick — mask=02 player=0 panel=1 modal=0 menu=0 sub=1
[pause] advance_sim_steps(1) bought NO tick — mask=02 player=0 panel=1 modal=0 menu=0 sub=1
[pause] advance_sim_steps(1) bought NO tick — mask=02 player=0 panel=1 modal=0 menu=0 sub=1
[pause] advance_sim_steps(1) bought NO tick — mask=02 player=0 panel=1 modal=0 menu=0 sub=1
[pause] advance_sim_steps(1) bought NO tick — mask=02 player=0 panel=1 modal=0 menu=0 sub=1
[pause] advance_sim_steps(1) bought NO tick — mask=02 player=0 panel=1 modal=0 menu=0 sub=1
[pause] advance_sim_steps(1) bought NO tick — mask=02 player=0 panel=1 modal=0 menu=0 sub=1
[pause] advance_sim_steps(1) bought NO tick — mask=02 player=0 panel=1 modal=0 menu=0 sub=1
[pause] advance_sim_steps(1) bought NO tick — mask=02 player=0 panel=1 modal=0 menu=0 sub=1
[pause] advance_sim_steps(1) bought NO tick — mask=02 player=0 panel=1 modal=0 menu=0 sub=1
[pause] advance_sim_steps(1) bought NO tick — mask=02 player=0 panel=1 modal=0 menu=0 sub=1
[pause] advance_sim_steps(1) bought NO tick — mask=02 player=0 panel=1 modal=0 menu=0 sub=1
[pause] advance_sim_steps(1) bought NO tick — mask=02 player=0 panel=1 modal=0 menu=0 sub=1
[pause] advance_sim_steps(1) bought NO tick — mask=02 player=0 panel=1 modal=0 menu=0 sub=1
[pause] advance_sim_steps(1) bought NO tick — mask=02 player=0 panel=1 modal=0 menu=0 sub=1
[pause] advance_sim_steps(1) bought NO tick — mask=02 player=0 panel=1 modal=0 menu=0 sub=1
[pause] advance_sim_steps(1) bought NO tick — mask=02 player=0 panel=1 modal=0 menu=0 sub=1
[pause] advance_sim_steps(1) bought NO tick — mask=02 player=0 panel=1 modal=0 menu=0 sub=1
[pause] advance_sim_steps(1) bought NO tick — mask=02 player=0 panel=1 modal=0 menu=0 sub=1
[pause] advance_sim_steps(1) bought NO tick — mask=02 player=0 panel=1 modal=0 menu=0 sub=1
[pause] advance_sim_steps(1) bought NO tick — mask=02 player=0 panel=1 modal=0 menu=0 sub=1
[pause] advance_sim_steps(1) bought NO tick — mask=02 player=0 panel=1 modal=0 menu=0 sub=1
[pause] advance_sim_steps(1) bought NO tick — mask=02 player=0 panel=1 modal=0 menu=0 sub=1
[pause] advance_sim_steps(1) bought NO tick — mask=02 player=0 panel=1 modal=0 menu=0 sub=1
[pause] advance_sim_steps(1) bought NO tick — mask=02 player=0 panel=1 modal=0 menu=0 sub=1
[pause] advance_sim_steps(1) bought NO tick — mask=02 player=0 panel=1 modal=0 menu=0 sub=1
[pause] advance_sim_steps(1) bought NO tick — mask=02 player=0 panel=1 modal=0 menu=0 sub=1
[pause] advance_sim_steps(1) bought NO tick — mask=02 player=0 panel=1 modal=0 menu=0 sub=1
[pause] advance_sim_steps(1) bought NO tick — mask=02 player=0 panel=1 modal=0 menu=0 sub=1
[pause] advance_sim_steps(1) bought NO tick — mask=02 player=0 panel=1 modal=0 menu=0 sub=1
[pause] advance_sim_steps(1) bought NO tick — mask=02 player=0 panel=1 modal=0 menu=0 sub=1
[pause] advance_sim_steps(1) bought NO tick — mask=02 player=0 panel=1 modal=0 menu=0 sub=1
[pause] advance_sim_steps(1) bought NO tick — mask=02 player=0 panel=1 modal=0 menu=0 sub=1
[pause] advance_sim_steps(1) bought NO tick — mask=02 player=0 panel=1 modal=0 menu=0 sub=1
[pause] advance_sim_steps(1) bought NO tick — mask=02 player=0 panel=1 modal=0 menu=0 sub=1
[pause] advance_sim_steps(1) bought NO tick — mask=02 player=0 panel=1 modal=0 menu=0 sub=1
[pause] advance_sim_steps(1) bought NO tick — mask=02 player=0 panel=1 modal=0 menu=0 sub=1
[pause] advance_sim_steps(1) bought NO tick — mask=02 player=0 panel=1 modal=0 menu=0 sub=1
[pause] advance_sim_steps(1) bought NO tick — mask=02 player=0 panel=1 modal=0 menu=0 sub=1
[pause] advance_sim_steps(1) bought NO tick — mask=02 player=0 panel=1 modal=0 menu=0 sub=1
[pause] advance_sim_steps(1) bought NO tick — mask=02 player=0 panel=1 modal=0 menu=0 sub=1
[pause] advance_sim_steps(1) bought NO tick — mask=02 player=0 panel=1 modal=0 menu=0 sub=1
[pause] advance_sim_steps(1) bought NO tick — mask=02 player=0 panel=1 modal=0 menu=0 sub=1
[pause] advance_sim_steps(1) bought NO tick — mask=02 player=0 panel=1 modal=0 menu=0 sub=1
[pause] advance_sim_steps(1) bought NO tick — mask=02 player=0 panel=1 modal=0 menu=0 sub=1
[pause] advance_sim_steps(1) bought NO tick — mask=02 player=0 panel=1 modal=0 menu=0 sub=1
[pause] advance_sim_steps(1) bought NO tick — mask=02 player=0 panel=1 modal=0 menu=0 sub=1
[pause] advance_sim_steps(1) bought NO tick — mask=02 player=0 panel=1 modal=0 menu=0 sub=1
[pause] advance_sim_steps(1) bought NO tick — mask=02 player=0 panel=1 modal=0 menu=0 sub=1
[pause] advance_sim_steps(1) bought NO tick — mask=02 player=0 panel=1 modal=0 menu=0 sub=1
[pause] advance_sim_steps(1) bought NO tick — mask=02 player=0 panel=1 modal=0 menu=0 sub=1
[pause] advance_sim_steps(1) bought NO tick — mask=02 player=0 panel=1 modal=0 menu=0 sub=1
[pause] advance_sim_steps(1) bought NO tick — mask=02 player=0 panel=1 modal=0 menu=0 sub=1
[pause] advance_sim_steps(1) bought NO tick — mask=02 player=0 panel=1 modal=0 menu=0 sub=1
[pause] advance_sim_steps(1) bought NO tick — mask=02 player=0 panel=1 modal=0 menu=0 sub=1
[pause] advance_sim_steps(1) bought NO tick — mask=02 player=0 panel=1 modal=0 menu=0 sub=1
[pause] advance_sim_steps(1) bought NO tick — mask=02 player=0 panel=1 modal=0 menu=0 sub=1
[pause] advance_sim_steps(1) bought NO tick — mask=02 player=0 panel=1 modal=0 menu=0 sub=1
[pause] advance_sim_steps(1) bought NO tick — mask=02 player=0 panel=1 modal=0 menu=0 sub=1
[pause] advance_sim_steps(1) bought NO tick — mask=02 player=0 panel=1 modal=0 menu=0 sub=1
[pause] advance_sim_steps(1) bought NO tick — mask=02 player=0 panel=1 modal=0 menu=0 sub=1
[pause] advance_sim_steps(1) bought NO tick — mask=02 player=0 panel=1 modal=0 menu=0 sub=1
[pause] advance_sim_steps(1) bought NO tick — mask=02 player=0 panel=1 modal=0 menu=0 sub=1
[pause] advance_sim_steps(1) bought NO tick — mask=02 player=0 panel=1 modal=0 menu=0 sub=1
[pause] advance_sim_steps(1) bought NO tick — mask=02 player=0 panel=1 modal=0 menu=0 sub=1
[pause] advance_sim_steps(1) bought NO tick — mask=02 player=0 panel=1 modal=0 menu=0 sub=1
[pause] advance_sim_steps(1) bought NO tick — mask=02 player=0 panel=1 modal=0 menu=0 sub=1
[pause] advance_sim_steps(1) bought NO tick — mask=02 player=0 panel=1 modal=0 menu=0 sub=1
[pause] advance_sim_steps(1) bought NO tick — mask=02 player=0 panel=1 modal=0 menu=0 sub=1
[pause] advance_sim_steps(1) bought NO tick — mask=02 player=0 panel=1 modal=0 menu=0 sub=1
[pause] advance_sim_steps(1) bought NO tick — mask=02 player=0 panel=1 modal=0 menu=0 sub=1
[pause] advance_sim_steps(1) bought NO tick — mask=02 player=0 panel=1 modal=0 menu=0 sub=1
[pause] advance_sim_steps(1) bought NO tick — mask=02 player=0 panel=1 modal=0 menu=0 sub=1
[pause] advance_sim_steps(1) bought NO tick — mask=02 player=0 panel=1 modal=0 menu=0 sub=1
[pause] advance_sim_steps(1) bought NO tick — mask=02 player=0 panel=1 modal=0 menu=0 sub=1
[pause] advance_sim_steps(1) bought NO tick — mask=02 player=0 panel=1 modal=0 menu=0 sub=1
[pause] advance_sim_steps(1) bought NO tick — mask=02 player=0 panel=1 modal=0 menu=0 sub=1
[pause] advance_sim_steps(1) bought NO tick — mask=02 player=0 panel=1 modal=0 menu=0 sub=1
[pause] advance_sim_steps(1) bought NO tick — mask=02 player=0 panel=1 modal=0 menu=0 sub=1
[pause] advance_sim_steps(1) bought NO tick — mask=02 player=0 panel=1 modal=0 menu=0 sub=1
[pause] advance_sim_steps(1) bought NO tick — mask=02 player=0 panel=1 modal=0 menu=0 sub=1
[pause] advance_sim_steps(1) bought NO tick — mask=02 player=0 panel=1 modal=0 menu=0 sub=1
[pause] advance_sim_steps(1) bought NO tick — mask=02 player=0 panel=1 modal=0 menu=0 sub=1
[pause] advance_sim_steps(1) bought NO tick — mask=02 player=0 panel=1 modal=0 menu=0 sub=1
[pause] advance_sim_steps(1) bought NO tick — mask=02 player=0 panel=1 modal=0 menu=0 sub=1
[pause] advance_sim_steps(1) bought NO tick — mask=02 player=0 panel=1 modal=0 menu=0 sub=1
[pause] advance_sim_steps(1) bought NO tick — mask=02 player=0 panel=1 modal=0 menu=0 sub=1
[pause] advance_sim_steps(1) bought NO tick — mask=02 player=0 panel=1 modal=0 menu=0 sub=1
[pause] advance_sim_steps(1) bought NO tick — mask=02 player=0 panel=1 modal=0 menu=0 sub=1
[pause] advance_sim_steps(1) bought NO tick — mask=02 player=0 panel=1 modal=0 menu=0 sub=1
[pause] advance_sim_steps(1) bought NO tick — mask=02 player=0 panel=1 modal=0 menu=0 sub=1
[pause] advance_sim_steps(1) bought NO tick — mask=02 player=0 panel=1 modal=0 menu=0 sub=1
[pause] advance_sim_steps(1) bought NO tick — mask=02 player=0 panel=1 modal=0 menu=0 sub=1
[pause] advance_sim_steps(1) bought NO tick — mask=02 player=0 panel=1 modal=0 menu=0 sub=1
[pause] advance_sim_steps(1) bought NO tick — mask=02 player=0 panel=1 modal=0 menu=0 sub=1
[pause] advance_sim_steps(1) bought NO tick — mask=02 player=0 panel=1 modal=0 menu=0 sub=1
[pause] advance_sim_steps(1) bought NO tick — mask=02 player=0 panel=1 modal=0 menu=0 sub=1
[pause] advance_sim_steps(1) bought NO tick — mask=02 player=0 panel=1 modal=0 menu=0 sub=1
[pause] advance_sim_steps(1) bought NO tick — mask=02 player=0 panel=1 modal=0 menu=0 sub=1
[pause] advance_sim_steps(1) bought NO tick — mask=02 player=0 panel=1 modal=0 menu=0 sub=1
[pause] advance_sim_steps(1) bought NO tick — mask=02 player=0 panel=1 modal=0 menu=0 sub=1
[pause] advance_sim_steps(1) bought NO tick — mask=02 player=0 panel=1 modal=0 menu=0 sub=1
[pause] advance_sim_steps(1) bought NO tick — mask=02 player=0 panel=1 modal=0 menu=0 sub=1
[pause] advance_sim_steps(1) bought NO tick — mask=02 player=0 panel=1 modal=0 menu=0 sub=1
[pause] advance_sim_steps(1) bought NO tick — mask=02 player=0 panel=1 modal=0 menu=0 sub=1
[pause] advance_sim_steps(1) bought NO tick — mask=02 player=0 panel=1 modal=0 menu=0 sub=1
[pause] advance_sim_steps(1) bought NO tick — mask=02 player=0 panel=1 modal=0 menu=0 sub=1
[pause] advance_sim_steps(1) bought NO tick — mask=02 player=0 panel=1 modal=0 menu=0 sub=1
[pause] advance_sim_steps(1) bought NO tick — mask=02 player=0 panel=1 modal=0 menu=0 sub=1
[pause] advance_sim_steps(1) bought NO tick — mask=02 player=0 panel=1 modal=0 menu=0 sub=1
[pause] advance_sim_steps(1) bought NO tick — mask=02 player=0 panel=1 modal=0 menu=0 sub=1
[pause] advance_sim_steps(1) bought NO tick — mask=02 player=0 panel=1 modal=0 menu=0 sub=1
[pause] advance_sim_steps(1) bought NO tick — mask=02 player=0 panel=1 modal=0 menu=0 sub=1
[pause] advance_sim_steps(1) bought NO tick — mask=02 player=0 panel=1 modal=0 menu=0 sub=1
[pause] advance_sim_steps(1) bought NO tick — mask=02 player=0 panel=1 modal=0 menu=0 sub=1
[pause] advance_sim_steps(1) bought NO tick — mask=02 player=0 panel=1 modal=0 menu=0 sub=1
[pause] advance_sim_steps(1) bought NO tick — mask=02 player=0 panel=1 modal=0 menu=0 sub=1
[pause] advance_sim_steps(1) bought NO tick — mask=02 player=0 panel=1 modal=0 menu=0 sub=1
[pause] advance_sim_steps(1) bought NO tick — mask=02 player=0 panel=1 modal=0 menu=0 sub=1
[pause] advance_sim_steps(1) bought NO tick — mask=02 player=0 panel=1 modal=0 menu=0 sub=1
[pause] advance_sim_steps(1) bought NO tick — mask=02 player=0 panel=1 modal=0 menu=0 sub=1
[pause] advance_sim_steps(1) bought NO tick — mask=02 player=0 panel=1 modal=0 menu=0 sub=1
[pause] advance_sim_steps(1) bought NO tick — mask=02 player=0 panel=1 modal=0 menu=0 sub=1
[pause] advance_sim_steps(1) bought NO tick — mask=02 player=0 panel=1 modal=0 menu=0 sub=1
[pause] advance_sim_steps(1) bought NO tick — mask=02 player=0 panel=1 modal=0 menu=0 sub=1
[pause] advance_sim_steps(1) bought NO tick — mask=02 player=0 panel=1 modal=0 menu=0 sub=1
[pause] advance_sim_steps(1) bought NO tick — mask=02 player=0 panel=1 modal=0 menu=0 sub=1
[pause] advance_sim_steps(1) bought NO tick — mask=02 player=0 panel=1 modal=0 menu=0 sub=1
[pause] advance_sim_steps(1) bought NO tick — mask=02 player=0 panel=1 modal=0 menu=0 sub=1
[pause] advance_sim_steps(1) bought NO tick — mask=02 player=0 panel=1 modal=0 menu=0 sub=1
[pause] advance_sim_steps(1) bought NO tick — mask=02 player=0 panel=1 modal=0 menu=0 sub=1
[pause] advance_sim_steps(1) bought NO tick — mask=02 player=0 panel=1 modal=0 menu=0 sub=1
[pause] advance_sim_steps(1) bought NO tick — mask=02 player=0 panel=1 modal=0 menu=0 sub=1
[pause] advance_sim_steps(1) bought NO tick — mask=02 player=0 panel=1 modal=0 menu=0 sub=1
[pause] advance_sim_steps(1) bought NO tick — mask=02 player=0 panel=1 modal=0 menu=0 sub=1
[pause] advance_sim_steps(1) bought NO tick — mask=02 player=0 panel=1 modal=0 menu=0 sub=1
[pause] advance_sim_steps(1) bought NO tick — mask=02 player=0 panel=1 modal=0 menu=0 sub=1
[pause] advance_sim_steps(1) bought NO tick — mask=02 player=0 panel=1 modal=0 menu=0 sub=1
[pause] advance_sim_steps(1) bought NO tick — mask=02 player=0 panel=1 modal=0 menu=0 sub=1
[pause] advance_sim_steps(1) bought NO tick — mask=02 player=0 panel=1 modal=0 menu=0 sub=1
[pause] advance_sim_steps(1) bought NO tick — mask=02 player=0 panel=1 modal=0 menu=0 sub=1
[pause] advance_sim_steps(1) bought NO tick — mask=02 player=0 panel=1 modal=0 menu=0 sub=1
[pause] advance_sim_steps(1) bought NO tick — mask=02 player=0 panel=1 modal=0 menu=0 sub=1
[pause] advance_sim_steps(1) bought NO tick — mask=02 player=0 panel=1 modal=0 menu=0 sub=1
[pause] advance_sim_steps(1) bought NO tick — mask=02 player=0 panel=1 modal=0 menu=0 sub=1
[pause] advance_sim_steps(1) bought NO tick — mask=02 player=0 panel=1 modal=0 menu=0 sub=1
[pause] advance_sim_steps(1) bought NO tick — mask=02 player=0 panel=1 modal=0 menu=0 sub=1
[pause] advance_sim_steps(1) bought NO tick — mask=02 player=0 panel=1 modal=0 menu=0 sub=1
[pause] advance_sim_steps(1) bought NO tick — mask=02 player=0 panel=1 modal=0 menu=0 sub=1
[pause] advance_sim_steps(1) bought NO tick — mask=02 player=0 panel=1 modal=0 menu=0 sub=1
[pause] advance_sim_steps(1) bought NO tick — mask=02 player=0 panel=1 modal=0 menu=0 sub=1
[pause] advance_sim_steps(1) bought NO tick — mask=02 player=0 panel=1 modal=0 menu=0 sub=1
[pause] advance_sim_steps(1) bought NO tick — mask=02 player=0 panel=1 modal=0 menu=0 sub=1
[pause] advance_sim_steps(1) bought NO tick — mask=02 player=0 panel=1 modal=0 menu=0 sub=1
[pause] advance_sim_steps(1) bought NO tick — mask=02 player=0 panel=1 modal=0 menu=0 sub=1
[pause] advance_sim_steps(1) bought NO tick — mask=02 player=0 panel=1 modal=0 menu=0 sub=1
[pause] advance_sim_steps(1) bought NO tick — mask=02 player=0 panel=1 modal=0 menu=0 sub=1
[pause] advance_sim_steps(1) bought NO tick — mask=02 player=0 panel=1 modal=0 menu=0 sub=1
[pause] advance_sim_steps(1) bought NO tick — mask=02 player=0 panel=1 modal=0 menu=0 sub=1
[pause] advance_sim_steps(1) bought NO tick — mask=02 player=0 panel=1 modal=0 menu=0 sub=1
[pause] advance_sim_steps(1) bought NO tick — mask=02 player=0 panel=1 modal=0 menu=0 sub=1
[pause] advance_sim_steps(1) bought NO tick — mask=02 player=0 panel=1 modal=0 menu=0 sub=1
[pause] advance_sim_steps(1) bought NO tick — mask=02 player=0 panel=1 modal=0 menu=0 sub=1
[pause] advance_sim_steps(1) bought NO tick — mask=02 player=0 panel=1 modal=0 menu=0 sub=1
[pause] advance_sim_steps(1) bought NO tick — mask=02 player=0 panel=1 modal=0 menu=0 sub=1
[pause] advance_sim_steps(1) bought NO tick — mask=02 player=0 panel=1 modal=0 menu=0 sub=1
[pause] advance_sim_steps(1) bought NO tick — mask=02 player=0 panel=1 modal=0 menu=0 sub=1
[pause] advance_sim_steps(1) bought NO tick — mask=02 player=0 panel=1 modal=0 menu=0 sub=1
[pause] advance_sim_steps(1) bought NO tick — mask=02 player=0 panel=1 modal=0 menu=0 sub=1
[pause] advance_sim_steps(1) bought NO tick — mask=02 player=0 panel=1 modal=0 menu=0 sub=1
[pause] advance_sim_steps(1) bought NO tick — mask=02 player=0 panel=1 modal=0 menu=0 sub=1
[pause] advance_sim_steps(1) bought NO tick — mask=02 player=0 panel=1 modal=0 menu=0 sub=1
[pause] advance_sim_steps(1) bought NO tick — mask=02 player=0 panel=1 modal=0 menu=0 sub=1
[pause] advance_sim_steps(1) bought NO tick — mask=02 player=0 panel=1 modal=0 menu=0 sub=1
[pause] advance_sim_steps(1) bought NO tick — mask=02 player=0 panel=1 modal=0 menu=0 sub=1
[pause] advance_sim_steps(1) bought NO tick — mask=02 player=0 panel=1 modal=0 menu=0 sub=1
[pause] advance_sim_steps(1) bought NO tick — mask=02 player=0 panel=1 modal=0 menu=0 sub=1
[pause] advance_sim_steps(1) bought NO tick — mask=02 player=0 panel=1 modal=0 menu=0 sub=1
[pause] advance_sim_steps(1) bought NO tick — mask=02 player=0 panel=1 modal=0 menu=0 sub=1
[pause] advance_sim_steps(1) bought NO tick — mask=02 player=0 panel=1 modal=0 menu=0 sub=1
[pause] advance_sim_steps(1) bought NO tick — mask=02 player=0 panel=1 modal=0 menu=0 sub=1
[pause] advance_sim_steps(1) bought NO tick — mask=02 player=0 panel=1 modal=0 menu=0 sub=1
[pause] advance_sim_steps(1) bought NO tick — mask=02 player=0 panel=1 modal=0 menu=0 sub=1
[pause] advance_sim_steps(1) bought NO tick — mask=02 player=0 panel=1 modal=0 menu=0 sub=1
[pause] advance_sim_steps(1) bought NO tick — mask=02 player=0 panel=1 modal=0 menu=0 sub=1
[pause] advance_sim_steps(1) bought NO tick — mask=02 player=0 panel=1 modal=0 menu=0 sub=1
[pause] advance_sim_steps(1) bought NO tick — mask=02 player=0 panel=1 modal=0 menu=0 sub=1
[pause] advance_sim_steps(1) bought NO tick — mask=02 player=0 panel=1 modal=0 menu=0 sub=1
[pause] advance_sim_steps(1) bought NO tick — mask=02 player=0 panel=1 modal=0 menu=0 sub=1
[pause] advance_sim_steps(1) bought NO tick — mask=02 player=0 panel=1 modal=0 menu=0 sub=1
[pause] advance_sim_steps(1) bought NO tick — mask=02 player=0 panel=1 modal=0 menu=0 sub=1
[pause] advance_sim_steps(1) bought NO tick — mask=02 player=0 panel=1 modal=0 menu=0 sub=1
[pause] advance_sim_steps(1) bought NO tick — mask=02 player=0 panel=1 modal=0 menu=0 sub=1
[pause] advance_sim_steps(1) bought NO tick — mask=02 player=0 panel=1 modal=0 menu=0 sub=1
[pause] advance_sim_steps(1) bought NO tick — mask=02 player=0 panel=1 modal=0 menu=0 sub=1
[pause] advance_sim_steps(1) bought NO tick — mask=02 player=0 panel=1 modal=0 menu=0 sub=1
[pause] advance_sim_steps(1) bought NO tick — mask=02 player=0 panel=1 modal=0 menu=0 sub=1
[pause] advance_sim_steps(1) bought NO tick — mask=02 player=0 panel=1 modal=0 menu=0 sub=1
[pause] advance_sim_steps(1) bought NO tick — mask=02 player=0 panel=1 modal=0 menu=0 sub=1
[pause] advance_sim_steps(1) bought NO tick — mask=02 player=0 panel=1 modal=0 menu=0 sub=1
[pause] advance_sim_steps(1) bought NO tick — mask=02 player=0 panel=1 modal=0 menu=0 sub=1
[pause] advance_sim_steps(1) bought NO tick — mask=02 player=0 panel=1 modal=0 menu=0 sub=1
[pause] advance_sim_steps(1) bought NO tick — mask=02 player=0 panel=1 modal=0 menu=0 sub=1
[pause] advance_sim_steps(1) bought NO tick — mask=02 player=0 panel=1 modal=0 menu=0 sub=1
[pause] advance_sim_steps(1) bought NO tick — mask=02 player=0 panel=1 modal=0 menu=0 sub=1
[pause] advance_sim_steps(1) bought NO tick — mask=02 player=0 panel=1 modal=0 menu=0 sub=1
[pause] advance_sim_steps(1) bought NO tick — mask=02 player=0 panel=1 modal=0 menu=0 sub=1
[pause] advance_sim_steps(1) bought NO tick — mask=02 player=0 panel=1 modal=0 menu=0 sub=1
[pause] advance_sim_steps(1) bought NO tick — mask=02 player=0 panel=1 modal=0 menu=0 sub=1
[pause] advance_sim_steps(1) bought NO tick — mask=02 player=0 panel=1 modal=0 menu=0 sub=1
[pause] advance_sim_steps(1) bought NO tick — mask=02 player=0 panel=1 modal=0 menu=0 sub=1
[pause] advance_sim_steps(1) bought NO tick — mask=02 player=0 panel=1 modal=0 menu=0 sub=1
[pause] advance_sim_steps(1) bought NO tick — mask=02 player=0 panel=1 modal=0 menu=0 sub=1
[pause] advance_sim_steps(1) bought NO tick — mask=02 player=0 panel=1 modal=0 menu=0 sub=1
[pause] advance_sim_steps(1) bought NO tick — mask=02 player=0 panel=1 modal=0 menu=0 sub=1
[pause] advance_sim_steps(1) bought NO tick — mask=02 player=0 panel=1 modal=0 menu=0 sub=1
[pause] advance_sim_steps(1) bought NO tick — mask=02 player=0 panel=1 modal=0 menu=0 sub=1
[pause] advance_sim_steps(1) bought NO tick — mask=02 player=0 panel=1 modal=0 menu=0 sub=1
[pause] advance_sim_steps(1) bought NO tick — mask=02 player=0 panel=1 modal=0 menu=0 sub=1
[pause] advance_sim_steps(1) bought NO tick — mask=02 player=0 panel=1 modal=0 menu=0 sub=1
[pause] advance_sim_steps(1) bought NO tick — mask=02 player=0 panel=1 modal=0 menu=0 sub=1
[pause] advance_sim_steps(1) bought NO tick — mask=02 player=0 panel=1 modal=0 menu=0 sub=1
[pause] advance_sim_steps(1) bought NO tick — mask=02 player=0 panel=1 modal=0 menu=0 sub=1
[pause] advance_sim_steps(1) bought NO tick — mask=02 player=0 panel=1 modal=0 menu=0 sub=1
[pause] advance_sim_steps(1) bought NO tick — mask=02 player=0 panel=1 modal=0 menu=0 sub=1
[pause] advance_sim_steps(1) bought NO tick — mask=02 player=0 panel=1 modal=0 menu=0 sub=1
[pause] advance_sim_steps(1) bought NO tick — mask=02 player=0 panel=1 modal=0 menu=0 sub=1
[pause] advance_sim_steps(1) bought NO tick — mask=02 player=0 panel=1 modal=0 menu=0 sub=1
[pause] advance_sim_steps(1) bought NO tick — mask=02 player=0 panel=1 modal=0 menu=0 sub=1
[pause] advance_sim_steps(1) bought NO tick — mask=02 player=0 panel=1 modal=0 menu=0 sub=1
[pause] advance_sim_steps(1) bought NO tick — mask=02 player=0 panel=1 modal=0 menu=0 sub=1
[pause] advance_sim_steps(1) bought NO tick — mask=02 player=0 panel=1 modal=0 menu=0 sub=1
[pause] advance_sim_steps(1) bought NO tick — mask=02 player=0 panel=1 modal=0 menu=0 sub=1
[pause] advance_sim_steps(1) bought NO tick — mask=02 player=0 panel=1 modal=0 menu=0 sub=1
[pause] advance_sim_steps(1) bought NO tick — mask=02 player=0 panel=1 modal=0 menu=0 sub=1
[pause] advance_sim_steps(1) bought NO tick — mask=02 player=0 panel=1 modal=0 menu=0 sub=1
[pause] advance_sim_steps(1) bought NO tick — mask=02 player=0 panel=1 modal=0 menu=0 sub=1
[pause] advance_sim_steps(1) bought NO tick — mask=02 player=0 panel=1 modal=0 menu=0 sub=1
[pause] advance_sim_steps(1) bought NO tick — mask=02 player=0 panel=1 modal=0 menu=0 sub=1
[pause] advance_sim_steps(1) bought NO tick — mask=02 player=0 panel=1 modal=0 menu=0 sub=1
[pause] advance_sim_steps(1) bought NO tick — mask=02 player=0 panel=1 modal=0 menu=0 sub=1
[pause] advance_sim_steps(1) bought NO tick — mask=02 player=0 panel=1 modal=0 menu=0 sub=1
[pause] advance_sim_steps(1) bought NO tick — mask=02 player=0 panel=1 modal=0 menu=0 sub=1
[pause] advance_sim_steps(1) bought NO tick — mask=02 player=0 panel=1 modal=0 menu=0 sub=1
[pause] advance_sim_steps(1) bought NO tick — mask=02 player=0 panel=1 modal=0 menu=0 sub=1
[pause] advance_sim_steps(1) bought NO tick — mask=02 player=0 panel=1 modal=0 menu=0 sub=1
[pause] advance_sim_steps(1) bought NO tick — mask=02 player=0 panel=1 modal=0 menu=0 sub=1
[pause] advance_sim_steps(1) bought NO tick — mask=02 player=0 panel=1 modal=0 menu=0 sub=1
[pause] advance_sim_steps(1) bought NO tick — mask=02 player=0 panel=1 modal=0 menu=0 sub=1
[pause] advance_sim_steps(1) bought NO tick — mask=02 player=0 panel=1 modal=0 menu=0 sub=1
[pause] advance_sim_steps(1) bought NO tick — mask=02 player=0 panel=1 modal=0 menu=0 sub=1
[pause] advance_sim_steps(1) bought NO tick — mask=02 player=0 panel=1 modal=0 menu=0 sub=1
[pause] advance_sim_steps(1) bought NO tick — mask=02 player=0 panel=1 modal=0 menu=0 sub=1
[pause] advance_sim_steps(1) bought NO tick — mask=02 player=0 panel=1 modal=0 menu=0 sub=1
[pause] advance_sim_steps(1) bought NO tick — mask=02 player=0 panel=1 modal=0 menu=0 sub=1
[pause] advance_sim_steps(1) bought NO tick — mask=02 player=0 panel=1 modal=0 menu=0 sub=1
[pause] advance_sim_steps(1) bought NO tick — mask=02 player=0 panel=1 modal=0 menu=0 sub=1
[pause] advance_sim_steps(1) bought NO tick — mask=02 player=0 panel=1 modal=0 menu=0 sub=1
[pause] advance_sim_steps(1) bought NO tick — mask=02 player=0 panel=1 modal=0 menu=0 sub=1
[pause] advance_sim_steps(1) bought NO tick — mask=02 player=0 panel=1 modal=0 menu=0 sub=1
[pause] advance_sim_steps(1) bought NO tick — mask=02 player=0 panel=1 modal=0 menu=0 sub=1
[pause] advance_sim_steps(1) bought NO tick — mask=02 player=0 panel=1 modal=0 menu=0 sub=1
[pause] advance_sim_steps(1) bought NO tick — mask=02 player=0 panel=1 modal=0 menu=0 sub=1
[pause] advance_sim_steps(1) bought NO tick — mask=02 player=0 panel=1 modal=0 menu=0 sub=1
[pause] advance_sim_steps(1) bought NO tick — mask=02 player=0 panel=1 modal=0 menu=0 sub=1
[pause] advance_sim_steps(1) bought NO tick — mask=02 player=0 panel=1 modal=0 menu=0 sub=1
[pause] advance_sim_steps(1) bought NO tick — mask=02 player=0 panel=1 modal=0 menu=0 sub=1
[pause] advance_sim_steps(1) bought NO tick — mask=02 player=0 panel=1 modal=0 menu=0 sub=1
[pause] advance_sim_steps(1) bought NO tick — mask=02 player=0 panel=1 modal=0 menu=0 sub=1
[pause] advance_sim_steps(1) bought NO tick — mask=02 player=0 panel=1 modal=0 menu=0 sub=1
[pause] advance_sim_steps(1) bought NO tick — mask=02 player=0 panel=1 modal=0 menu=0 sub=1
[pause] advance_sim_steps(1) bought NO tick — mask=02 player=0 panel=1 modal=0 menu=0 sub=1
[pause] advance_sim_steps(1) bought NO tick — mask=02 player=0 panel=1 modal=0 menu=0 sub=1
[pause] advance_sim_steps(1) bought NO tick — mask=02 player=0 panel=1 modal=0 menu=0 sub=1
[pause] advance_sim_steps(1) bought NO tick — mask=02 player=0 panel=1 modal=0 menu=0 sub=1
[pause] advance_sim_steps(1) bought NO tick — mask=02 player=0 panel=1 modal=0 menu=0 sub=1
[pause] advance_sim_steps(1) bought NO tick — mask=02 player=0 panel=1 modal=0 menu=0 sub=1
[pause] advance_sim_steps(1) bought NO tick — mask=02 player=0 panel=1 modal=0 menu=0 sub=1
[pause] advance_sim_steps(1) bought NO tick — mask=02 player=0 panel=1 modal=0 menu=0 sub=1
[pause] advance_sim_steps(1) bought NO tick — mask=02 player=0 panel=1 modal=0 menu=0 sub=1
[pause] advance_sim_steps(1) bought NO tick — mask=02 player=0 panel=1 modal=0 menu=0 sub=1
[pause] advance_sim_steps(1) bought NO tick — mask=02 player=0 panel=1 modal=0 menu=0 sub=1
[pause] advance_sim_steps(1) bought NO tick — mask=02 player=0 panel=1 modal=0 menu=0 sub=1
[pause] advance_sim_steps(1) bought NO tick — mask=02 player=0 panel=1 modal=0 menu=0 sub=1
[pause] advance_sim_steps(1) bought NO tick — mask=02 player=0 panel=1 modal=0 menu=0 sub=1
[pause] advance_sim_steps(1) bought NO tick — mask=02 player=0 panel=1 modal=0 menu=0 sub=1
[pause] advance_sim_steps(1) bought NO tick — mask=02 player=0 panel=1 modal=0 menu=0 sub=1
[pause] advance_sim_steps(1) bought NO tick — mask=02 player=0 panel=1 modal=0 menu=0 sub=1
[pause] advance_sim_steps(1) bought NO tick — mask=02 player=0 panel=1 modal=0 menu=0 sub=1
[pause] advance_sim_steps(1) bought NO tick — mask=02 player=0 panel=1 modal=0 menu=0 sub=1
[pause] advance_sim_steps(1) bought NO tick — mask=02 player=0 panel=1 modal=0 menu=0 sub=1
[pause] advance_sim_steps(1) bought NO tick — mask=02 player=0 panel=1 modal=0 menu=0 sub=1
[pause] advance_sim_steps(1) bought NO tick — mask=02 player=0 panel=1 modal=0 menu=0 sub=1
[pause] advance_sim_steps(1) bought NO tick — mask=02 player=0 panel=1 modal=0 menu=0 sub=1
[pause] advance_sim_steps(1) bought NO tick — mask=02 player=0 panel=1 modal=0 menu=0 sub=1
[pause] advance_sim_steps(1) bought NO tick — mask=02 player=0 panel=1 modal=0 menu=0 sub=1
[pause] advance_sim_steps(1) bought NO tick — mask=02 player=0 panel=1 modal=0 menu=0 sub=1
[pause] advance_sim_steps(1) bought NO tick — mask=02 player=0 panel=1 modal=0 menu=0 sub=1
[pause] advance_sim_steps(1) bought NO tick — mask=02 player=0 panel=1 modal=0 menu=0 sub=1
[pause] advance_sim_steps(1) bought NO tick — mask=02 player=0 panel=1 modal=0 menu=0 sub=1
[pause] advance_sim_steps(1) bought NO tick — mask=02 player=0 panel=1 modal=0 menu=0 sub=1
[pause] advance_sim_steps(1) bought NO tick — mask=02 player=0 panel=1 modal=0 menu=0 sub=1
[pause] advance_sim_steps(1) bought NO tick — mask=02 player=0 panel=1 modal=0 menu=0 sub=1
[pause] advance_sim_steps(1) bought NO tick — mask=02 player=0 panel=1 modal=0 menu=0 sub=1
[pause] advance_sim_steps(1) bought NO tick — mask=02 player=0 panel=1 modal=0 menu=0 sub=1
[pause] advance_sim_steps(1) bought NO tick — mask=02 player=0 panel=1 modal=0 menu=0 sub=1
[pause] advance_sim_steps(1) bought NO tick — mask=02 player=0 panel=1 modal=0 menu=0 sub=1
[pause] advance_sim_steps(1) bought NO tick — mask=02 player=0 panel=1 modal=0 menu=0 sub=1
[pause] advance_sim_steps(1) bought NO tick — mask=02 player=0 panel=1 modal=0 menu=0 sub=1
[pause] advance_sim_steps(1) bought NO tick — mask=02 player=0 panel=1 modal=0 menu=0 sub=1
[pause] advance_sim_steps(1) bought NO tick — mask=02 player=0 panel=1 modal=0 menu=0 sub=1
[pause] advance_sim_steps(1) bought NO tick — mask=02 player=0 panel=1 modal=0 menu=0 sub=1
[pause] advance_sim_steps(1) bought NO tick — mask=02 player=0 panel=1 modal=0 menu=0 sub=1
[pause] advance_sim_steps(1) bought NO tick — mask=02 player=0 panel=1 modal=0 menu=0 sub=1
[pause] advance_sim_steps(1) bought NO tick — mask=02 player=0 panel=1 modal=0 menu=0 sub=1
[pause] advance_sim_steps(1) bought NO tick — mask=02 player=0 panel=1 modal=0 menu=0 sub=1
[pause] advance_sim_steps(1) bought NO tick — mask=02 player=0 panel=1 modal=0 menu=0 sub=1
[pause] advance_sim_steps(1) bought NO tick — mask=02 player=0 panel=1 modal=0 menu=0 sub=1
[pause] advance_sim_steps(1) bought NO tick — mask=02 player=0 panel=1 modal=0 menu=0 sub=1
[pause] advance_sim_steps(1) bought NO tick — mask=02 player=0 panel=1 modal=0 menu=0 sub=1
[pause] advance_sim_steps(1) bought NO tick — mask=02 player=0 panel=1 modal=0 menu=0 sub=1
[pause] advance_sim_steps(1) bought NO tick — mask=02 player=0 panel=1 modal=0 menu=0 sub=1
[pause] advance_sim_steps(1) bought NO tick — mask=02 player=0 panel=1 modal=0 menu=0 sub=1
[pause] advance_sim_steps(1) bought NO tick — mask=02 player=0 panel=1 modal=0 menu=0 sub=1
[pause] advance_sim_steps(1) bought NO tick — mask=02 player=0 panel=1 modal=0 menu=0 sub=1
[pause] advance_sim_steps(1) bought NO tick — mask=02 player=0 panel=1 modal=0 menu=0 sub=1
[pause] advance_sim_steps(1) bought NO tick — mask=02 player=0 panel=1 modal=0 menu=0 sub=1
[pause] advance_sim_steps(1) bought NO tick — mask=02 player=0 panel=1 modal=0 menu=0 sub=1
[pause] advance_sim_steps(1) bought NO tick — mask=02 player=0 panel=1 modal=0 menu=0 sub=1
[pause] advance_sim_steps(1) bought NO tick — mask=02 player=0 panel=1 modal=0 menu=0 sub=1
[pause] advance_sim_steps(1) bought NO tick — mask=02 player=0 panel=1 modal=0 menu=0 sub=1
[pause] advance_sim_steps(1) bought NO tick — mask=02 player=0 panel=1 modal=0 menu=0 sub=1
[pause] advance_sim_steps(1) bought NO tick — mask=02 player=0 panel=1 modal=0 menu=0 sub=1
[pause] advance_sim_steps(1) bought NO tick — mask=02 player=0 panel=1 modal=0 menu=0 sub=1
[worldgen] ruins: 69 of 69 placed (65 cities)
